Component: ARM Compiler 5.06 update 6 (build 750) Tool: armlink [4d35ed]

==============================================================================

Section Cross References

    main.o(.text) refers to car.o(.text) for Car_go
    main.o(.text) refers to delay.o(.text) for delay_ms
    main.o(.text) refers to misc.o(.text) for NVIC_PriorityGroupConfig
    main.o(.text) refers to usart.o(.text) for usart_init
    main.o(.text) refers to myiic.o(.text) for IIC_Init
    main.o(.text) refers to pca9685.o(.text) for PCA9685_reset
    main.o(.text) refers to strcmpv7m.o(.text) for strcmp
    main.o(.text) refers to strtok.o(.text) for strtok
    main.o(.text) refers to atoi.o(.text) for atoi
    main.o(.text) refers to rt_memclr.o(.text) for __aeabi_memclr
    main.o(.text) refers to usart.o(.data) for uart1_data
    main.o(.text) refers to main.o(.data) for CarSpeedControl
    main.o(.text) refers to car.o(.data) for flags
    main.o(.text) refers to usart.o(.bss) for rx_buffer
    system_stm32f4xx.o(.text) refers to system_stm32f4xx.o(.data) for SystemCoreClock
    led.o(.text) refers to stm32f4xx_rcc.o(.text) for RCC_AHB1PeriphClockCmd
    led.o(.text) refers to stm32f4xx_gpio.o(.text) for GPIO_Init
    myiic.o(.text) refers to stm32f4xx_rcc.o(.text) for RCC_AHB1PeriphClockCmd
    myiic.o(.text) refers to stm32f4xx_gpio.o(.text) for GPIO_Init
    myiic.o(.text) refers to delay.o(.text) for delay_us
    24cxx.o(.text) refers to myiic.o(.text) for IIC_Init
    24cxx.o(.text) refers to delay.o(.text) for delay_ms
    pca9685.o(.text) refers to myiic.o(.text) for IIC_Start
    pca9685.o(.text) refers to f2d.o(x$fpl$f2d) for __aeabi_f2d
    pca9685.o(.text) refers to dmul.o(x$fpl$dmul) for __aeabi_dmul
    pca9685.o(.text) refers to d2f.o(x$fpl$d2f) for __aeabi_d2f
    pca9685.o(.text) refers to ddiv.o(x$fpl$ddiv) for __aeabi_ddiv
    pca9685.o(.text) refers to daddsub_clz.o(x$fpl$dsub) for __aeabi_dsub
    pca9685.o(.text) refers to daddsub_clz.o(x$fpl$dadd) for __aeabi_dadd
    pca9685.o(.text) refers to floor.o(i.__hardfp_floor) for __hardfp_floor
    pca9685.o(.text) refers to dfixu.o(x$fpl$dfixu) for __aeabi_d2uiz
    pca9685.o(.text) refers to delay.o(.text) for delay_ms
    car.o(.text) refers to dflt_clz.o(x$fpl$dflt) for __aeabi_i2d
    car.o(.text) refers to daddsub_clz.o(x$fpl$dadd) for __aeabi_dadd
    car.o(.text) refers to dmul.o(x$fpl$dmul) for __aeabi_dmul
    car.o(.text) refers to d2f.o(x$fpl$d2f) for __aeabi_d2f
    car.o(.text) refers to pca9685.o(.text) for PCA9685_setpwm
    car.o(.text) refers to delay.o(.text) for delay_ms
    car.o(.text) refers to car.o(.data) for flags
    portid.o(.text) refers to portid.o(.bss) for MotorControlType
    portid.o(.text) refers to portid.o(.data) for Bias
    delay.o(.text) refers to misc.o(.text) for SysTick_CLKSourceConfig
    delay.o(.text) refers to delay.o(.data) for fac_us
    usart.o(.rev16_text) refers (Special) to use_no_semi_2.o(.text) for __use_no_semihosting
    usart.o(.revsh_text) refers (Special) to use_no_semi_2.o(.text) for __use_no_semihosting
    usart.o(.text) refers (Special) to use_no_semi_2.o(.text) for __use_no_semihosting
    usart.o(.text) refers to stm32f4xx_usart.o(.text) for USART_SendData
    usart.o(.text) refers to stm32f4xx_rcc.o(.text) for RCC_AHB1PeriphClockCmd
    usart.o(.text) refers to stm32f4xx_gpio.o(.text) for GPIO_PinAFConfig
    usart.o(.text) refers to misc.o(.text) for NVIC_Init
    usart.o(.text) refers to usart.o(.data) for uart1_data
    usart.o(.text) refers to usart.o(.bss) for buffer
    usart.o(.bss) refers (Special) to use_no_semi_2.o(.text) for __use_no_semihosting
    usart.o(.data) refers (Special) to use_no_semi_2.o(.text) for __use_no_semihosting
    startup_stm32f40_41xxx.o(STACK) refers (Special) to heapauxi.o(.text) for __use_two_region_memory
    startup_stm32f40_41xxx.o(HEAP) refers (Special) to heapauxi.o(.text) for __use_two_region_memory
    startup_stm32f40_41xxx.o(RESET) refers (Special) to heapauxi.o(.text) for __use_two_region_memory
    startup_stm32f40_41xxx.o(RESET) refers to startup_stm32f40_41xxx.o(STACK) for __initial_sp
    startup_stm32f40_41xxx.o(RESET) refers to startup_stm32f40_41xxx.o(.text) for Reset_Handler
    startup_stm32f40_41xxx.o(RESET) refers to stm32f4xx_it.o(.text) for NMI_Handler
    startup_stm32f40_41xxx.o(RESET) refers to usart.o(.text) for USART1_IRQHandler
    startup_stm32f40_41xxx.o(.text) refers (Special) to heapauxi.o(.text) for __use_two_region_memory
    startup_stm32f40_41xxx.o(.text) refers to system_stm32f4xx.o(.text) for SystemInit
    startup_stm32f40_41xxx.o(.text) refers to __main.o(!!!main) for __main
    startup_stm32f40_41xxx.o(.text) refers to startup_stm32f40_41xxx.o(HEAP) for Heap_Mem
    startup_stm32f40_41xxx.o(.text) refers to startup_stm32f40_41xxx.o(STACK) for Stack_Mem
    stm32f4xx_gpio.o(.text) refers to stm32f4xx_rcc.o(.text) for RCC_AHB1PeriphResetCmd
[...]
    libshutdown.o(.ARM.Collect$$libshutdown$$00000000) refers (Special) to libshutdown2.o(.ARM.Collect$$libshutdown$$0000000A) for __rt_lib_shutdown_signal_1
    libshutdown.o(.ARM.Collect$$libshutdown$$00000000) refers (Special) to libshutdown2.o(.ARM.Collect$$libshutdown$$00000004) for __rt_lib_shutdown_stdio_1
    libshutdown.o(.ARM.Collect$$libshutdown$$00000000) refers (Special) to libshutdown2.o(.ARM.Collect$$libshutdown$$0000000C) for __rt_lib_shutdown_user_alloc_1
    sys_command.o(.text) refers (Special) to use_no_semi.o(.text) for __I$use$semihosting
    sys_command.o(.text) refers (Special) to indicate_semi.o(.text) for __semihosting_library_function
    defsig_rtmem_outer.o(.text) refers to defsig_rtmem_inner.o(.text) for __rt_SIGRTMEM_inner
    defsig_rtmem_outer.o(.text) refers to defsig_exit.o(.text) for __sig_exit
    defsig_rtmem_formal.o(.text) refers to rt_raise.o(.text) for __rt_raise
    rt_raise.o(.text) refers to __raise.o(.text) for __raise
    rt_raise.o(.text) refers to usart.o(.text) for _sys_exit
    defsig_exit.o(.text) refers to usart.o(.text) for _sys_exit
    defsig_rtmem_inner.o(.text) refers to defsig_general.o(.text) for __default_signal_display
    __raise.o(.text) refers to defsig.o(CL$$defsig) for __default_signal_handler
    defsig_general.o(.text) refers to sys_wrch.o(.text) for _ttywrch
    sys_wrch.o(.text) refers (Special) to use_no_semi.o(.text) for __I$use$semihosting
    sys_wrch.o(.text) refers (Special) to indicate_semi.o(.text) for __semihosting_library_function
    defsig.o(CL$$defsig) refers to defsig_rtmem_inner.o(.text) for __rt_SIGRTMEM_inner
    defsig_abrt_inner.o(.text) refers to defsig_general.o(.text) for __default_signal_display
    defsig_fpe_inner.o(.text) refers to defsig_general.o(.text) for __default_signal_display
    defsig_rtred_inner.o(.text) refers to defsig_general.o(.text) for __default_signal_display
    defsig_stak_inner.o(.text) refers to defsig_general.o(.text) for __default_signal_display
    defsig_pvfn_inner.o(.text) refers to defsig_general.o(.text) for __default_signal_display
    defsig_cppl_inner.o(.text) refers to defsig_general.o(.text) for __default_signal_display
    defsig_segv_inner.o(.text) refers to defsig_general.o(.text) for __default_signal_display
    defsig_other.o(.text) refers to defsig_general.o(.text) for __default_signal_display


==============================================================================

Removing Unused input sections from the image.

    Removing main.o(.rev16_text), (4 bytes).
    Removing main.o(.revsh_text), (4 bytes).
    Removing stm32f4xx_it.o(.rev16_text), (4 bytes).
    Removing stm32f4xx_it.o(.revsh_text), (4 bytes).
    Removing system_stm32f4xx.o(.rev16_text), (4 bytes).
    Removing system_stm32f4xx.o(.revsh_text), (4 bytes).
    Removing led.o(.rev16_text), (4 bytes).
    Removing led.o(.revsh_text), (4 bytes).
    Removing led.o(.text), (64 bytes).
    Removing myiic.o(.rev16_text), (4 bytes).
    Removing myiic.o(.revsh_text), (4 bytes).
    Removing 24cxx.o(.rev16_text), (4 bytes).
    Removing 24cxx.o(.revsh_text), (4 bytes).
    Removing 24cxx.o(.text), (374 bytes).
    Removing pca9685.o(.rev16_text), (4 bytes).
    Removing pca9685.o(.revsh_text), (4 bytes).
    Removing car.o(.rev16_text), (4 bytes).
    Removing car.o(.revsh_text), (4 bytes).
    Removing portid.o(.text), (628 bytes).
    Removing portid.o(.bss), (32 bytes).
    Removing portid.o(.data), (28 bytes).
    Removing delay.o(.rev16_text), (4 bytes).
    Removing delay.o(.revsh_text), (4 bytes).
    Removing sys.o(.rev16_text), (4 bytes).
    Removing sys.o(.revsh_text), (4 bytes).
    Removing sys.o(.emb_text), (16 bytes).
    Removing usart.o(.rev16_text), (4 bytes).
    Removing usart.o(.revsh_text), (4 bytes).
    Removing misc.o(.rev16_text), (4 bytes).
    Removing misc.o(.revsh_text), (4 bytes).
    Removing stm32f4xx_gpio.o(.rev16_text), (4 bytes).
    Removing stm32f4xx_gpio.o(.revsh_text), (4 bytes).
    Removing stm32f4xx_fsmc.o(.rev16_text), (4 bytes).
    Removing stm32f4xx_fsmc.o(.revsh_text), (4 bytes).
    Removing stm32f4xx_fsmc.o(.text), (1480 bytes).
    Removing stm32f4xx_fsmc.o(.constdata), (28 bytes).
    Removing stm32f4xx_rcc.o(.rev16_text), (4 bytes).
    Removing stm32f4xx_rcc.o(.revsh_text), (4 bytes).
    Removing stm32f4xx_syscfg.o(.rev16_text), (4 bytes).
    Removing stm32f4xx_syscfg.o(.revsh_text), (4 bytes).
    Removing stm32f4xx_syscfg.o(.text), (148 bytes).
    Removing stm32f4xx_usart.o(.rev16_text), (4 bytes).
    Removing stm32f4xx_usart.o(.revsh_text), (4 bytes).
    Removing stm32f4xx_i2c.o(.rev16_text), (4 bytes).
    Removing stm32f4xx_i2c.o(.revsh_text), (4 bytes).
    Removing stm32f4xx_i2c.o(.text), (1110 bytes).
    Removing stm32f4xx_iwdg.o(.rev16_text), (4 bytes).
    Removing stm32f4xx_iwdg.o(.revsh_text), (4 bytes).
    Removing stm32f4xx_iwdg.o(.text), (64 bytes).
    Removing stm32f4xx_wwdg.o(.rev16_text), (4 bytes).
    Removing stm32f4xx_wwdg.o(.revsh_text), (4 bytes).
    Removing stm32f4xx_wwdg.o(.text), (144 bytes).

52 unused section(s) (total 4276 bytes) removed from the image.

==============================================================================

Image Symbol Table

    Local Symbols

    Symbol Name                              Value     Ov Type        Size  Object(Section)

    ../clib/angel/boardlib.s                 0x00000000   Number         0  boardinit3.o ABSOLUTE
    ../clib/angel/boardlib.s                 0x00000000   Number         0  boardinit2.o ABSOLUTE
    ../clib/angel/boardlib.s                 0x00000000   Number         0  boardinit1.o ABSOLUTE
    ../clib/angel/boardlib.s                 0x00000000   Number         0  boardshut.o ABSOLUTE
    ../clib/angel/handlers.s                 0x00000000   Number         0  __scatter_zi.o ABSOLUTE
    ../clib/angel/handlers.s                 0x00000000   Number         0  __scatter_copy.o ABSOLUTE
    ../clib/angel/kernel.s                   0x00000000   Number         0  __rtentry2.o ABSOLUTE
    ../clib/angel/kernel.s                   0x00000000   Number         0  __rtentry.o ABSOLUTE
    ../clib/angel/kernel.s                   0x00000000   Number         0  __rtentry4.o ABSOLUTE
    ../clib/angel/kernel.s                   0x00000000   Number         0  rtexit.o ABSOLUTE
    ../clib/angel/kernel.s                   0x00000000   Number         0  rtexit2.o ABSOLUTE
    ../clib/angel/rt.s                       0x00000000   Number         0  rt_locale_intlibspace.o ABSOLUTE
    ../clib/angel/rt.s                       0x00000000   Number         0  rt_raise.o ABSOLUTE
    ../clib/angel/rt.s                       0x00000000   Number         0  rt_locale.o ABSOLUTE
    ../clib/angel/rt.s                       0x00000000   Number         0  rt_errno_addr_intlibspace.o ABSOLUTE
    ../clib/angel/rt.s                       0x00000000   Number         0  rt_errno_addr.o ABSOLUTE
    ../clib/angel/rt.s                       0x00000000   Number         0  rt_ctype_table.o ABSOLUTE
    ../clib/angel/scatter.s                  0x00000000   Number         0  __scatter.o ABSOLUTE
    ../clib/angel/startup.s                  0x00000000   Number         0  __main.o ABSOLUTE
    ../clib/angel/sys.s                      0x00000000   Number         0  use_no_semi_2.o ABSOLUTE
    ../clib/angel/sys.s                      0x00000000   Number         0  sys_stackheap_outer.o ABSOLUTE
    ../clib/angel/sys.s                      0x00000000   Number         0  libspace.o ABSOLUTE
    ../clib/angel/sys.s                      0x00000000   Number         0  use_no_semi.o ABSOLUTE
    ../clib/angel/sys.s                      0x00000000   Number         0  indicate_semi.o ABSOLUTE
    ../clib/angel/sysapp.c                   0x00000000   Number         0  sys_wrch.o ABSOLUTE
    ../clib/angel/sysapp.c                   0x00000000   Number         0  sys_command.o ABSOLUTE
    ../clib/armsys.c                         0x00000000   Number         0  argv_veneer.o ABSOLUTE
    ../clib/armsys.c                         0x00000000   Number         0  no_argv.o ABSOLUTE
    ../clib/armsys.c                         0x00000000   Number         0  argv_veneer.o ABSOLUTE
    ../clib/armsys.c                         0x00000000   Number         0  _get_argv_nomalloc.o ABSOLUTE
    ../clib/heapalloc.c                      0x00000000   Number         0  hrguard.o ABSOLUTE
    ../clib/heapaux.c                        0x00000000   Number         0  heapauxi.o ABSOLUTE
    ../clib/libinit.s                        0x00000000   Number         0  libshutdown2.o ABSOLUTE
    ../clib/libinit.s                        0x00000000   Number         0  libinit2.o ABSOLUTE
    ../clib/libinit.s                        0x00000000   Number         0  libshutdown.o ABSOLUTE
    ../clib/libinit.s                        0x00000000   Number         0  libinit.o ABSOLUTE
    ../clib/locale.s                         0x00000000   Number         0  lc_ctype_c.o ABSOLUTE
    ../clib/memcpset.s                       0x00000000   Number         0  rt_memclr.o ABSOLUTE
    ../clib/memcpset.s                       0x00000000   Number         0  strcmpv7m.o ABSOLUTE
    ../clib/memcpset.s                       0x00000000   Number         0  rt_memclr_w.o ABSOLUTE
    ../clib/scanf.c                          0x00000000   Number         0  _strtoul.o ABSOLUTE
    ../clib/scanf.c                          0x00000000   Number         0  strtol.o ABSOLUTE
    ../clib/scanf.c                          0x00000000   Number         0  _chval.o ABSOLUTE
    ../clib/scanf.c                          0x00000000   Number         0  atoi.o ABSOLUTE
    ../clib/signal.c                         0x00000000   Number         0  defsig_fpe_inner.o ABSOLUTE
    ../clib/signal.c                         0x00000000   Number         0  defsig_abrt_inner.o ABSOLUTE
    ../clib/signal.c                         0x00000000   Number         0  defsig_general.o ABSOLUTE
    ../clib/signal.c                         0x00000000   Number         0  __raise.o ABSOLUTE
    ../clib/signal.c                         0x00000000   Number         0  defsig_exit.o ABSOLUTE
    ../clib/signal.c                         0x00000000   Number         0  defsig_rtmem_formal.o ABSOLUTE
    ../clib/signal.c                         0x00000000   Number         0  defsig_cppl_inner.o ABSOLUTE
    ../clib/signal.c                         0x00000000   Number         0  defsig_rtmem_outer.o ABSOLUTE
    ../clib/signal.c                         0x00000000   Number         0  defsig_rtmem_inner.o ABSOLUTE
    ../clib/signal.c                         0x00000000   Number         0  defsig_other.o ABSOLUTE
    ../clib/signal.c                         0x00000000   Number         0  defsig_segv_inner.o ABSOLUTE
    ../clib/signal.c                         0x00000000   Number         0  defsig_pvfn_inner.o ABSOLUTE
    ../clib/signal.c                         0x00000000   Number         0  defsig_stak_inner.o ABSOLUTE
    ../clib/signal.c                         0x00000000   Number         0  defsig_rtred_inner.o ABSOLUTE
    ../clib/signal.s                         0x00000000   Number         0  defsig.o ABSOLUTE
    ../clib/stdlib.c                         0x00000000   Number         0  exit.o ABSOLUTE
    ../clib/string.c                         0x00000000   Number         0  strtok_int.o ABSOLUTE
    ../clib/string.c                         0x00000000   Number         0  strcspn.o ABSOLUTE
    ../clib/string.c                         0x00000000   Number         0  strtok.o ABSOLUTE
    ../clib/string.c                         0x00000000   Number         0  strspn.o ABSOLUTE
    ../fplib/d2f.s                           0x00000000   Number         0  d2f.o ABSOLUTE
    ../fplib/daddsub.s                       0x00000000   Number         0  daddsub_clz.o ABSOLUTE
    ../fplib/dcmpi.s                         0x00000000   Number         0  dcmpi.o ABSOLUTE
    ../fplib/ddiv.s                          0x00000000   Number         0  ddiv.o ABSOLUTE
    ../fplib/dfixu.s                         0x00000000   Number         0  dfixu.o ABSOLUTE
    ../fplib/dflt.s                          0x00000000   Number         0  dflt_clz.o ABSOLUTE
    ../fplib/dleqf.s                         0x00000000   Number         0  dleqf.o ABSOLUTE
    ../fplib/dmul.s                          0x00000000   Number         0  dmul.o ABSOLUTE
    ../fplib/dnaninf.s                       0x00000000   Number         0  dnaninf.o ABSOLUTE
    ../fplib/dretinf.s                       0x00000000   Number         0  dretinf.o ABSOLUTE
    ../fplib/drleqf.s                        0x00000000   Number         0  drleqf.o ABSOLUTE
    ../fplib/f2d.s                           0x00000000   Number         0  f2d.o ABSOLUTE
    ../fplib/fnaninf.s                       0x00000000   Number         0  fnaninf.o ABSOLUTE
    ../fplib/fpinit.s                        0x00000000   Number         0  fpinit.o ABSOLUTE
    ../fplib/fretinf.s                       0x00000000   Number         0  fretinf.o ABSOLUTE
    ../fplib/usenofp.s                       0x00000000   Number         0  usenofp.o ABSOLUTE
    ../mathlib/floor.c                       0x00000000   Number         0  floor.o ABSOLUTE
    ..\CORE\startup_stm32f40_41xxx.s         0x00000000   Number         0  startup_stm32f40_41xxx.o ABSOLUTE
    ..\FWLIB\src\misc.c                      0x00000000   Number         0  misc.o ABSOLUTE
    ..\FWLIB\src\stm32f4xx_fsmc.c            0x00000000   Number         0  stm32f4xx_fsmc.o ABSOLUTE
    ..\FWLIB\src\stm32f4xx_gpio.c            0x00000000   Number         0  stm32f4xx_gpio.o ABSOLUTE
    ..\FWLIB\src\stm32f4xx_i2c.c             0x00000000   Number         0  stm32f4xx_i2c.o ABSOLUTE
    ..\FWLIB\src\stm32f4xx_iwdg.c            0x00000000   Number         0  stm32f4xx_iwdg.o ABSOLUTE
    ..\FWLIB\src\stm32f4xx_rcc.c             0x00000000   Number         0  stm32f4xx_rcc.o ABSOLUTE
    ..\FWLIB\src\stm32f4xx_syscfg.c          0x00000000   Number         0  stm32f4xx_syscfg.o ABSOLUTE
    ..\FWLIB\src\stm32f4xx_usart.c           0x00000000   Number         0  stm32f4xx_usart.o ABSOLUTE
    ..\FWLIB\src\stm32f4xx_wwdg.c            0x00000000   Number         0  stm32f4xx_wwdg.o ABSOLUTE
    ..\HARDWARE\24CXX\24cxx.c                0x00000000   Number         0  24cxx.o ABSOLUTE
    ..\HARDWARE\CAR\car.c                    0x00000000   Number         0  car.o ABSOLUTE
    ..\HARDWARE\IIC\myiic.c                  0x00000000   Number         0  myiic.o ABSOLUTE
    ..\HARDWARE\LED\led.c                    0x00000000   Number         0  led.o ABSOLUTE
    ..\HARDWARE\PCA9685\pca9685.c            0x00000000   Number         0  pca9685.o ABSOLUTE
    ..\HARDWARE\PORTID\portid.c              0x00000000   Number         0  portid.o ABSOLUTE
    ..\SYSTEM\delay\delay.c                  0x00000000   Number         0  delay.o ABSOLUTE
    ..\SYSTEM\sys\sys.c                      0x00000000   Number         0  sys.o ABSOLUTE
    ..\SYSTEM\usart\usart.c                  0x00000000   Number         0  usart.o ABSOLUTE
    ..\\FWLIB\\src\\misc.c                   0x00000000   Number         0  misc.o ABSOLUTE
    ..\\FWLIB\\src\\stm32f4xx_fsmc.c         0x00000000   Number         0  stm32f4xx_fsmc.o ABSOLUTE
    ..\\FWLIB\\src\\stm32f4xx_gpio.c         0x00000000   Number         0  stm32f4xx_gpio.o ABSOLUTE
    ..\\FWLIB\\src\\stm32f4xx_i2c.c          0x00000000   Number         0  stm32f4xx_i2c.o ABSOLUTE
    ..\\FWLIB\\src\\stm32f4xx_iwdg.c         0x00000000   Number         0  stm32f4xx_iwdg.o ABSOLUTE
    ..\\FWLIB\\src\\stm32f4xx_rcc.c          0x00000000   Number         0  stm32f4xx_rcc.o ABSOLUTE
    ..\\FWLIB\\src\\stm32f4xx_syscfg.c       0x00000000   Number         0  stm32f4xx_syscfg.o ABSOLUTE
    ..\\FWLIB\\src\\stm32f4xx_usart.c        0x00000000   Number         0  stm32f4xx_usart.o ABSOLUTE
    ..\\FWLIB\\src\\stm32f4xx_wwdg.c         0x00000000   Number         0  stm32f4xx_wwdg.o ABSOLUTE
    ..\\HARDWARE\\24CXX\\24cxx.c             0x00000000   Number         0  24cxx.o ABSOLUTE
    ..\\HARDWARE\\CAR\\car.c                 0x00000000   Number         0  car.o ABSOLUTE
    ..\\HARDWARE\\IIC\\myiic.c               0x00000000   Number         0  myiic.o ABSOLUTE
    ..\\HARDWARE\\LED\\led.c                 0x00000000   Number         0  led.o ABSOLUTE
    ..\\HARDWARE\\PCA9685\\pca9685.c         0x00000000   Number         0  pca9685.o ABSOLUTE
    ..\\SYSTEM\\delay\\delay.c               0x00000000   Number         0  delay.o ABSOLUTE
    ..\\SYSTEM\\sys\\sys.c                   0x00000000   Number         0  sys.o ABSOLUTE
    ..\\SYSTEM\\usart\\usart.c               0x00000000   Number         0  usart.o ABSOLUTE
    dc.s                                     0x00000000   Number         0  dc.o ABSOLUTE
    main.c                                   0x00000000   Number         0  main.o ABSOLUTE
    main.c                                   0x00000000   Number         0  main.o ABSOLUTE
    stm32f4xx_it.c                           0x00000000   Number         0  stm32f4xx_it.o ABSOLUTE
    stm32f4xx_it.c                           0x00000000   Number         0  stm32f4xx_it.o ABSOLUTE
    system_stm32f4xx.c                       0x00000000   Number         0  system_stm32f4xx.o ABSOLUTE
    system_stm32f4xx.c                       0x00000000   Number         0  system_stm32f4xx.o ABSOLUTE
    RESET                                    0x08000000   Section      392  startup_stm32f40_41xxx.o(RESET)
    !!!main                                  0x08000188   Section        8  __main.o(!!!main)
    !!!scatter                               0x08000190   Section       52  __scatter.o(!!!scatter)
    !!handler_copy                           0x080001c4   Section       26  __scatter_copy.o(!!handler_copy)
    !!handler_zi                             0x080001e0   Section       28  __scatter_zi.o(!!handler_zi)
    .ARM.Collect$$libinit$$00000000          0x080001fc   Section        2  libinit.o(.ARM.Collect$$libinit$$00000000)
    .ARM.Collect$$libinit$$00000001          0x080001fe   Section        4  libinit2.o(.ARM.Collect$$libinit$$00000001)
    .ARM.Collect$$libinit$$00000004          0x08000202   Section        0  libinit2.o(.ARM.Collect$$libinit$$00000004)
    .ARM.Collect$$libinit$$0000000A          0x08000202   Section        0  libinit2.o(.ARM.Collect$$libinit$$0000000A)
    .ARM.Collect$$libinit$$0000000C          0x08000202   Section        0  libinit2.o(.ARM.Collect$$libinit$$0000000C)
    .ARM.Collect$$libinit$$0000000E          0x08000202   Section        0  libinit2.o(.ARM.Collect$$libinit$$0000000E)
    .ARM.Collect$$libinit$$0000000F          0x08000202   Section        6  libinit2.o(.ARM.Collect$$libinit$$0000000F)
    .ARM.Collect$$libinit$$00000011          0x08000208   Section        0  libinit2.o(.ARM.Collect$$libinit$$00000011)
    .ARM.Collect$$libinit$$00000012          0x08000208   Section       12  libinit2.o(.ARM.Collect$$libinit$$00000012)
    .ARM.Collect$$libinit$$00000013          0x08000214   Section        0  libinit2.o(.ARM.Collect$$libinit$$00000013)
    .ARM.Collect$$libinit$$00000015          0x08000214   Section        0  libinit2.o(.ARM.Collect$$libinit$$00000015)
    .ARM.Collect$$libinit$$00000017          0x08000214   Section        0  libinit2.o(.ARM.Collect$$libinit$$00000017)
    .ARM.Collect$$libinit$$00000019          0x08000214   Section        0  libinit2.o(.ARM.Collect$$libinit$$00000019)
    .ARM.Collect$$libinit$$0000001B          0x08000214   Section        0  libinit2.o(.ARM.Collect$$libinit$$0000001B)
    .ARM.Collect$$libinit$$0000001D          0x08000214   Section        0  libinit2.o(.ARM.Collect$$libinit$$0000001D)
    .ARM.Collect$$libinit$$0000001F          0x08000214   Section        0  libinit2.o(.ARM.Collect$$libinit$$0000001F)
    .ARM.Collect$$libinit$$00000021          0x08000214   Section        0  libinit2.o(.ARM.Collect$$libinit$$00000021)
    .ARM.Collect$$libinit$$00000023          0x08000214   Section        0  libinit2.o(.ARM.Collect$$libinit$$00000023)
    .ARM.Collect$$libinit$$00000025          0x08000214   Section        0  libinit2.o(.ARM.Collect$$libinit$$00000025)
    .ARM.Collect$$libinit$$0000002C          0x08000214   Section        0  libinit2.o(.ARM.Collect$$libinit$$0000002C)
    .ARM.Collect$$libinit$$0000002E          0x08000214   Section        0  libinit2.o(.ARM.Collect$$libinit$$0000002E)
    .ARM.Collect$$libinit$$00000030          0x08000214   Section        0  libinit2.o(.ARM.Collect$$libinit$$00000030)
    .ARM.Collect$$libinit$$00000032          0x08000214   Section        0  libinit2.o(.ARM.Collect$$libinit$$00000032)
    .ARM.Collect$$libinit$$00000033          0x08000214   Section        2  libinit2.o(.ARM.Collect$$libinit$$00000033)
    .ARM.Collect$$libshutdown$$00000000      0x08000216   Section        2  libshutdown.o(.ARM.Collect$$libshutdown$$00000000)
    .ARM.Collect$$libshutdown$$00000002      0x08000218   Section        0  libshutdown2.o(.ARM.Collect$$libshutdown$$00000002)
    .ARM.Collect$$libshutdown$$00000004      0x08000218   Section        0  libshutdown2.o(.ARM.Collect$$libshutdown$$00000004)
    .ARM.Collect$$libshutdown$$00000007      0x08000218   Section        0  libshutdown2.o(.ARM.Collect$$libshutdown$$00000007)
    .ARM.Collect$$libshutdown$$0000000A      0x08000218   Section        0  libshutdown2.o(.ARM.Collect$$libshutdown$$0000000A)
    .ARM.Collect$$libshutdown$$0000000C      0x08000218   Section        0  libshutdown2.o(.ARM.Collect$$libshutdown$$0000000C)
    .ARM.Collect$$libshutdown$$0000000F      0x08000218   Section        0  libshutdown2.o(.ARM.Collect$$libshutdown$$0000000F)
    .ARM.Collect$$libshutdown$$00000010      0x08000218   Section        2  libshutdown2.o(.ARM.Collect$$libshutdown$$00000010)
    .ARM.Collect$$rtentry$$00000000          0x0800021a   Section        0  __rtentry.o(.ARM.Collect$$rtentry$$00000000)
    .ARM.Collect$$rtentry$$00000002          0x0800021a   Section        0  __rtentry2.o(.ARM.Collect$$rtentry$$00000002)
    .ARM.Collect$$rtentry$$00000004          0x0800021a   Section        6  __rtentry4.o(.ARM.Collect$$rtentry$$00000004)
    .ARM.Collect$$rtentry$$00000009          0x08000220   Section        0  __rtentry2.o(.ARM.Collect$$rtentry$$00000009)
    .ARM.Collect$$rtentry$$0000000A          0x08000220   Section        4  __rtentry2.o(.ARM.Collect$$rtentry$$0000000A)
    .ARM.Collect$$rtentry$$0000000C          0x08000224   Section        0  __rtentry2.o(.ARM.Collect$$rtentry$$0000000C)
    .ARM.Collect$$rtentry$$0000000D          0x08000224   Section        8  __rtentry2.o(.ARM.Collect$$rtentry$$0000000D)
    .ARM.Collect$$rtexit$$00000000           0x0800022c   Section        2  rtexit.o(.ARM.Collect$$rtexit$$00000000)
    .ARM.Collect$$rtexit$$00000002           0x0800022e   Section        0  rtexit2.o(.ARM.Collect$$rtexit$$00000002)
    .ARM.Collect$$rtexit$$00000003           0x0800022e   Section        4  rtexit2.o(.ARM.Collect$$rtexit$$00000003)
    .ARM.Collect$$rtexit$$00000004           0x08000232   Section        6  rtexit2.o(.ARM.Collect$$rtexit$$00000004)
    .text                                    0x08000238   Section        0  main.o(.text)
    .text                                    0x0800052c   Section        0  stm32f4xx_it.o(.text)
    .text                                    0x08000548   Section        0  system_stm32f4xx.o(.text)
    SetSysClock                              0x08000549   Thumb Code   220  system_stm32f4xx.o(.text)
    .text                                    0x08000758   Section        0  myiic.o(.text)
    .text                                    0x080009b4   Section        0  pca9685.o(.text)
    .text                                    0x08000b7c   Section        0  car.o(.text)
    .text                                    0x08001284   Section        0  delay.o(.text)
    .text                                    0x08001388   Section        0  usart.o(.text)
    .text                                    0x080016dc   Section       64  startup_stm32f40_41xxx.o(.text)
    $v0                                      0x080016dc   Number         0  startup_stm32f40_41xxx.o(.text)
    .text                                    0x0800171c   Section        0  misc.o(.text)
    .text                                    0x080017fc   Section        0  stm32f4xx_gpio.o(.text)
    .text                                    0x08001a90   Section        0  stm32f4xx_rcc.o(.text)
    .text                                    0x080020ec   Section        0  stm32f4xx_usart.o(.text)
    .text                                    0x08002540   Section        2  use_no_semi_2.o(.text)
    .text                                    0x08002542   Section        0  atoi.o(.text)
    .text                                    0x0800255c   Section        0  strtok.o(.text)
    .text                                    0x08002568   Section       68  rt_memclr.o(.text)
    .text                                    0x080025ac   Section      128  strcmpv7m.o(.text)
    .text                                    0x0800262c   Section        0  heapauxi.o(.text)
    .text                                    0x08002632   Section        2  use_no_semi.o(.text)
    .text                                    0x08002634   Section        8  rt_errno_addr_intlibspace.o(.text)
    .text                                    0x0800263c   Section        0  strtol.o(.text)
    .text                                    0x080026ac   Section        0  strtok_int.o(.text)
    .text                                    0x080026f0   Section       78  rt_memclr_w.o(.text)
    .text                                    0x08002740   Section        8  libspace.o(.text)
    .text                                    0x08002748   Section       16  rt_ctype_table.o(.text)
    .text                                    0x08002758   Section        0  _strtoul.o(.text)
    .text                                    0x080027f6   Section        0  strcspn.o(.text)
    .text                                    0x08002816   Section        0  strspn.o(.text)
    .text                                    0x08002832   Section       74  sys_stackheap_outer.o(.text)
    .text                                    0x0800287c   Section        8  rt_locale_intlibspace.o(.text)
    .text                                    0x08002884   Section        0  _chval.o(.text)
    .text                                    0x080028a0   Section        0  exit.o(.text)
    i.__hardfp_floor                         0x080028b8   Section        0  floor.o(i.__hardfp_floor)
    locale$$code                             0x080029d0   Section       44  lc_ctype_c.o(locale$$code)
    x$fpl$d2f                                0x080029fc   Section       98  d2f.o(x$fpl$d2f)
    $v0                                      0x080029fc   Number         0  d2f.o(x$fpl$d2f)
    x$fpl$dadd                               0x08002a60   Section      336  daddsub_clz.o(x$fpl$dadd)
    $v0                                      0x08002a60   Number         0  daddsub_clz.o(x$fpl$dadd)
    _dadd1                                   0x08002a71   Thumb Code     0  daddsub_clz.o(x$fpl$dadd)
    x$fpl$dcmpinf                            0x08002bb0   Section       24  dcmpi.o(x$fpl$dcmpinf)
    $v0                                      0x08002bb0   Number         0  dcmpi.o(x$fpl$dcmpinf)
    x$fpl$ddiv                               0x08002bc8   Section      688  ddiv.o(x$fpl$ddiv)
    $v0                                      0x08002bc8   Number         0  ddiv.o(x$fpl$ddiv)
    ddiv_entry                               0x08002bcf   Thumb Code     0  ddiv.o(x$fpl$ddiv)
    x$fpl$dfixu                              0x08002e78   Section       90  dfixu.o(x$fpl$dfixu)
    $v0                                      0x08002e78   Number         0  dfixu.o(x$fpl$dfixu)
    x$fpl$dflt                               0x08002ed2   Section       46  dflt_clz.o(x$fpl$dflt)
    $v0                                      0x08002ed2   Number         0  dflt_clz.o(x$fpl$dflt)
    x$fpl$dleqf                              0x08002f00   Section      120  dleqf.o(x$fpl$dleqf)
    $v0                                      0x08002f00   Number         0  dleqf.o(x$fpl$dleqf)
    x$fpl$dmul                               0x08002f78   Section      340  dmul.o(x$fpl$dmul)
    $v0                                      0x08002f78   Number         0  dmul.o(x$fpl$dmul)
    x$fpl$dnaninf                            0x080030cc   Section      156  dnaninf.o(x$fpl$dnaninf)
    $v0                                      0x080030cc   Number         0  dnaninf.o(x$fpl$dnaninf)
    x$fpl$dretinf                            0x08003168   Section       12  dretinf.o(x$fpl$dretinf)
    $v0                                      0x08003168   Number         0  dretinf.o(x$fpl$dretinf)
    x$fpl$drleqf                             0x08003174   Section      108  drleqf.o(x$fpl$drleqf)
    $v0                                      0x08003174   Number         0  drleqf.o(x$fpl$drleqf)
    x$fpl$drsb                               0x080031e0   Section       22  daddsub_clz.o(x$fpl$drsb)
    $v0                                      0x080031e0   Number         0  daddsub_clz.o(x$fpl$drsb)
    x$fpl$dsub                               0x080031f8   Section      468  daddsub_clz.o(x$fpl$dsub)
    $v0                                      0x080031f8   Number         0  daddsub_clz.o(x$fpl$dsub)
    _dsub1                                   0x08003209   Thumb Code     0  daddsub_clz.o(x$fpl$dsub)
    x$fpl$f2d                                0x080033cc   Section       86  f2d.o(x$fpl$f2d)
    $v0                                      0x080033cc   Number         0  f2d.o(x$fpl$f2d)
    x$fpl$fnaninf                            0x08003422   Section      140  fnaninf.o(x$fpl$fnaninf)
    $v0                                      0x08003422   Number         0  fnaninf.o(x$fpl$fnaninf)
    x$fpl$fpinit                             0x080034ae   Section       10  fpinit.o(x$fpl$fpinit)
    $v0                                      0x080034ae   Number         0  fpinit.o(x$fpl$fpinit)
    x$fpl$fretinf                            0x080034b8   Section       10  fretinf.o(x$fpl$fretinf)
    $v0                                      0x080034b8   Number         0  fretinf.o(x$fpl$fretinf)
    x$fpl$usenofp                            0x080034c2   Section        0  usenofp.o(x$fpl$usenofp)
    locale$$data                             0x080034e4   Section      272  lc_ctype_c.o(locale$$data)
    __lcctype_c_name                         0x080034e8   Data           2  lc_ctype_c.o(locale$$data)
    __lcctype_c_start                        0x080034f0   Data           0  lc_ctype_c.o(locale$$data)
    __lcctype_c_end                          0x080035f4   Data           0  lc_ctype_c.o(locale$$data)
    .data                                    0x20000000   Section        4  main.o(.data)
    .data                                    0x20000004   Section       20  system_stm32f4xx.o(.data)
    .data                                    0x20000018   Section        4  car.o(.data)
    .data                                    0x2000001c   Section        4  delay.o(.data)
    fac_us                                   0x2000001c   Data           1  delay.o(.data)
    fac_ms                                   0x2000001e   Data           2  delay.o(.data)
    .data                                    0x20000020   Section       16  usart.o(.data)
    .data                                    0x20000030   Section       16  stm32f4xx_rcc.o(.data)
    APBAHBPrescTable                         0x20000030   Data          16  stm32f4xx_rcc.o(.data)
    .data                                    0x20000040   Section        4  strtok.o(.data)
    _strtok_saves1                           0x20000040   Data           4  strtok.o(.data)
    .bss                                     0x20000044   Section       40  usart.o(.bss)
    .bss                                     0x2000006c   Section       96  libspace.o(.bss)
    HEAP                                     0x200000d0   Section      512  startup_stm32f40_41xxx.o(HEAP)
    Heap_Mem                                 0x200000d0   Data         512  startup_stm32f40_41xxx.o(HEAP)
    STACK                                    0x200002d0   Section     1024  startup_stm32f40_41xxx.o(STACK)
    Stack_Mem                                0x200002d0   Data        1024  startup_stm32f40_41xxx.o(STACK)
    __initial_sp                             0x200006d0   Data           0  startup_stm32f40_41xxx.o(STACK)

    Global Symbols

    Symbol Name                              Value     Ov Type        Size  Object(Section)

    BuildAttributes$$THM_ISAv4$E$P$D$K$B$S$7EM$VFPi3$EXTD16$VFPS$VFMA$PE$A:L22UL41UL21$X:L11$S22US41US21$IEEE1$IW$USESV6$~STKCKD$USESV7$~SHL$OTIME$ROPI$IEEEJ$EBA8$UX$STANDARDLIB$REQ8$PRES8$EABIv2 0x00000000   Number         0  anon$$obj.o ABSOLUTE
    __ARM_use_no_argv                        0x00000000   Number         0  main.o ABSOLUTE
    __ARM_exceptions_init                     - Undefined Weak Reference
    __alloca_initialize                       - Undefined Weak Reference
    __arm_preinit_                            - Undefined Weak Reference
    __cpp_initialize__aeabi_                  - Undefined Weak Reference
    __cxa_finalize                            - Undefined Weak Reference
    __sigvec_lookup                           - Undefined Weak Reference
    _atexit_init                              - Undefined Weak Reference
    _call_atexit_fns                          - Undefined Weak Reference
    _clock_init                               - Undefined Weak Reference
    _fp_trap_init                             - Undefined Weak Reference
    _fp_trap_shutdown                         - Undefined Weak Reference
    _get_lc_collate                           - Undefined Weak Reference
    _get_lc_monetary                          - Undefined Weak Reference
    _get_lc_numeric                           - Undefined Weak Reference
    _get_lc_time                              - Undefined Weak Reference
    _getenv_init                              - Undefined Weak Reference
    _handle_redirection                       - Undefined Weak Reference
    _init_alloc                               - Undefined Weak Reference
    _init_user_alloc                          - Undefined Weak Reference
    _initio                                   - Undefined Weak Reference
    _rand_init                                - Undefined Weak Reference
    _signal_finish                            - Undefined Weak Reference
    _signal_init                              - Undefined Weak Reference
    _terminate_alloc                          - Undefined Weak Reference
    _terminate_user_alloc                     - Undefined Weak Reference
    _terminateio                              - Undefined Weak Reference
    __Vectors_Size                           0x00000188   Number         0  startup_stm32f40_41xxx.o ABSOLUTE
    __Vectors                                0x08000000   Data           4  startup_stm32f40_41xxx.o(RESET)
    __Vectors_End                            0x08000188   Data           0  startup_stm32f40_41xxx.o(RESET)
    __main                                   0x08000189   Thumb Code     8  __main.o(!!!main)
    __scatterload                            0x08000191   Thumb Code     0  __scatter.o(!!!scatter)
    __scatterload_rt2                        0x08000191   Thumb Code    44  __scatter.o(!!!scatter)
    __scatterload_rt2_thumb_only             0x08000191   Thumb Code     0  __scatter.o(!!!scatter)
    __scatterload_null                       0x0800019f   Thumb Code     0  __scatter.o(!!!scatter)
    __scatterload_copy                       0x080001c5   Thumb Code    26  __scatter_copy.o(!!handler_copy)
    __scatterload_zeroinit                   0x080001e1   Thumb Code    28  __scatter_zi.o(!!handler_zi)
    __rt_lib_init                            0x080001fd   Thumb Code     0  libinit.o(.ARM.Collect$$libinit$$00000000)
    __rt_lib_init_fp_1                       0x080001ff   Thumb Code     0  libinit2.o(.ARM.Collect$$libinit$$00000001)
    __rt_lib_init_heap_1                     0x08000203   Thumb Code     0  libinit2.o(.ARM.Collect$$libinit$$0000000A)
    __rt_lib_init_lc_common                  0x08000203   Thumb Code     0  libinit2.o(.ARM.Collect$$libinit$$0000000F)
    __rt_lib_init_preinit_1                  0x08000203   Thumb Code     0  libinit2.o(.ARM.Collect$$libinit$$00000004)
    __rt_lib_init_rand_1                     0x08000203   Thumb Code     0  libinit2.o(.ARM.Collect$$libinit$$0000000E)
    __rt_lib_init_user_alloc_1               0x08000203   Thumb Code     0  libinit2.o(.ARM.Collect$$libinit$$0000000C)
    __rt_lib_init_lc_collate_1               0x08000209   Thumb Code     0  libinit2.o(.ARM.Collect$$libinit$$00000011)
    __rt_lib_init_lc_ctype_2                 0x08000209   Thumb Code     0  libinit2.o(.ARM.Collect$$libinit$$00000012)
    __rt_lib_init_alloca_1                   0x08000215   Thumb Code     0  libinit2.o(.ARM.Collect$$libinit$$0000002E)
    __rt_lib_init_argv_1                     0x08000215   Thumb Code     0  libinit2.o(.ARM.Collect$$libinit$$0000002C)
    __rt_lib_init_atexit_1                   0x08000215   Thumb Code     0  libinit2.o(.ARM.Collect$$libinit$$0000001B)
    __rt_lib_init_clock_1                    0x08000215   Thumb Code     0  libinit2.o(.ARM.Collect$$libinit$$00000021)
    __rt_lib_init_cpp_1                      0x08000215   Thumb Code     0  libinit2.o(.ARM.Collect$$libinit$$00000032)
    __rt_lib_init_exceptions_1               0x08000215   Thumb Code     0  libinit2.o(.ARM.Collect$$libinit$$00000030)
    __rt_lib_init_fp_trap_1                  0x08000215   Thumb Code     0  libinit2.o(.ARM.Collect$$libinit$$0000001F)
    __rt_lib_init_getenv_1                   0x08000215   Thumb Code     0  libinit2.o(.ARM.Collect$$libinit$$00000023)
    __rt_lib_init_lc_ctype_1                 0x08000215   Thumb Code     0  libinit2.o(.ARM.Collect$$libinit$$00000013)
    __rt_lib_init_lc_monetary_1              0x08000215   Thumb Code     0  libinit2.o(.ARM.Collect$$libinit$$00000015)
    __rt_lib_init_lc_numeric_1               0x08000215   Thumb Code     0  libinit2.o(.ARM.Collect$$libinit$$00000017)
    __rt_lib_init_lc_time_1                  0x08000215   Thumb Code     0  libinit2.o(.ARM.Collect$$libinit$$00000019)
    __rt_lib_init_return                     0x08000215   Thumb Code     0  libinit2.o(.ARM.Collect$$libinit$$00000033)
    __rt_lib_init_signal_1                   0x08000215   Thumb Code     0  libinit2.o(.ARM.Collect$$libinit$$0000001D)
    __rt_lib_init_stdio_1                    0x08000215   Thumb Code     0  libinit2.o(.ARM.Collect$$libinit$$00000025)
    __rt_lib_shutdown                        0x08000217   Thumb Code     0  libshutdown.o(.ARM.Collect$$libshutdown$$00000000)
    __rt_lib_shutdown_cpp_1                  0x08000219   Thumb Code     0  libshutdown2.o(.ARM.Collect$$libshutdown$$00000002)
    __rt_lib_shutdown_fp_trap_1              0x08000219   Thumb Code     0  libshutdown2.o(.ARM.Collect$$libshutdown$$00000007)
    __rt_lib_shutdown_heap_1                 0x08000219   Thumb Code     0  libshutdown2.o(.ARM.Collect$$libshutdown$$0000000F)
    __rt_lib_shutdown_return                 0x08000219   Thumb Code     0  libshutdown2.o(.ARM.Collect$$libshutdown$$00000010)
    __rt_lib_shutdown_signal_1               0x08000219   Thumb Code     0  libshutdown2.o(.ARM.Collect$$libshutdown$$0000000A)
    __rt_lib_shutdown_stdio_1                0x08000219   Thumb Code     0  libshutdown2.o(.ARM.Collect$$libshutdown$$00000004)
    __rt_lib_shutdown_user_alloc_1           0x08000219   Thumb Code     0  libshutdown2.o(.ARM.Collect$$libshutdown$$0000000C)
    __rt_entry                               0x0800021b   Thumb Code     0  __rtentry.o(.ARM.Collect$$rtentry$$00000000)
    __rt_entry_presh_1                       0x0800021b   Thumb Code     0  __rtentry2.o(.ARM.Collect$$rtentry$$00000002)
    __rt_entry_sh                            0x0800021b   Thumb Code     0  __rtentry4.o(.ARM.Collect$$rtentry$$00000004)
    __rt_entry_li                            0x08000221   Thumb Code     0  __rtentry2.o(.ARM.Collect$$rtentry$$0000000A)
    __rt_entry_postsh_1                      0x08000221   Thumb Code     0  __rtentry2.o(.ARM.Collect$$rtentry$$00000009)
    __rt_entry_main                          0x08000225   Thumb Code     0  __rtentry2.o(.ARM.Collect$$rtentry$$0000000D)
    __rt_entry_postli_1                      0x08000225   Thumb Code     0  __rtentry2.o(.ARM.Collect$$rtentry$$0000000C)
    __rt_exit                                0x0800022d   Thumb Code     0  rtexit.o(.ARM.Collect$$rtexit$$00000000)
    __rt_exit_ls                             0x0800022f   Thumb Code     0  rtexit2.o(.ARM.Collect$$rtexit$$00000003)
    __rt_exit_prels_1                        0x0800022f   Thumb Code     0  rtexit2.o(.ARM.Collect$$rtexit$$00000002)
    __rt_exit_exit                           0x08000233   Thumb Code     0  rtexit2.o(.ARM.Collect$$rtexit$$00000004)
    Voice_control                            0x08000239   Thumb Code   168  main.o(.text)
    Car_Turn                                 0x080002e1   Thumb Code   224  main.o(.text)
    main                                     0x080003c1   Thumb Code   312  main.o(.text)
    NMI_Handler                              0x0800052d   Thumb Code     2  stm32f4xx_it.o(.text)
    HardFault_Handler                        0x0800052f   Thumb Code     4  stm32f4xx_it.o(.text)
    MemManage_Handler                        0x08000533   Thumb Code     4  stm32f4xx_it.o(.text)
    BusFault_Handler                         0x08000537   Thumb Code     4  stm32f4xx_it.o(.text)
    UsageFault_Handler                       0x0800053b   Thumb Code     4  stm32f4xx_it.o(.text)
    SVC_Handler                              0x0800053f   Thumb Code     2  stm32f4xx_it.o(.text)
    DebugMon_Handler                         0x08000541   Thumb Code     2  stm32f4xx_it.o(.text)
    PendSV_Handler                           0x08000543   Thumb Code     2  stm32f4xx_it.o(.text)
    SysTick_Handler                          0x08000545   Thumb Code     2  stm32f4xx_it.o(.text)
    SystemInit                               0x08000625   Thumb Code    88  system_stm32f4xx.o(.text)
    SystemCoreClockUpdate                    0x0800067d   Thumb Code   174  system_stm32f4xx.o(.text)
    IIC_Init                                 0x08000759   Thumb Code    62  myiic.o(.text)
    IIC_Start                                0x08000797   Thumb Code    68  myiic.o(.text)
    IIC_Stop                                 0x080007db   Thumb Code    62  myiic.o(.text)
    IIC_Wait_Ack                             0x08000819   Thumb Code    82  myiic.o(.text)
    IIC_Ack                                  0x0800086b   Thumb Code    66  myiic.o(.text)
    IIC_NAck                                 0x080008ad   Thumb Code    66  myiic.o(.text)
    IIC_Send_Byte                            0x080008ef   Thumb Code    90  myiic.o(.text)
    IIC_Read_Byte                            0x08000949   Thumb Code    94  myiic.o(.text)
    PCA9685_write                            0x080009b5   Thumb Code    46  pca9685.o(.text)
    PCA9685_read                             0x080009e3   Thumb Code    58  pca9685.o(.text)
    PCA9685_reset                            0x08000a1d   Thumb Code    12  pca9685.o(.text)
    PCA9685_setPWMFreq                       0x08000a29   Thumb Code   238  pca9685.o(.text)
    PCA9685_setpwm                           0x08000b17   Thumb Code    62  pca9685.o(.text)
    Set_pwm                                  0x08000b7d   Thumb Code    98  car.o(.text)
    Car_back                                 0x08000bdf   Thumb Code    32  car.o(.text)
    Car_go                                   0x08000bff   Thumb Code    32  car.o(.text)
    Car_left                                 0x08000c1f   Thumb Code    32  car.o(.text)
    Car_right                                0x08000c3f   Thumb Code    32  car.o(.text)
    stop                                     0x08000c5f   Thumb Code    44  car.o(.text)
    up                                       0x08000c8b   Thumb Code    92  car.o(.text)
    down2up                                  0x08000ce7   Thumb Code   344  car.o(.text)
    open                                     0x08000e3f   Thumb Code    14  car.o(.text)
    up2down                                  0x08000e4d   Thumb Code   490  car.o(.text)
    close                                    0x08001037   Thumb Code    16  car.o(.text)
    steer                                    0x08001047   Thumb Code   120  car.o(.text)
    down                                     0x080010bf   Thumb Code    62  car.o(.text)
    down1                                    0x080010fd   Thumb Code    56  car.o(.text)
    Stacking_pile                            0x08001135   Thumb Code   146  car.o(.text)
    Grasp                                    0x080011c7   Thumb Code    52  car.o(.text)
    Drop_it                                  0x080011fb   Thumb Code    40  car.o(.text)
    Song_steer                               0x08001223   Thumb Code    52  car.o(.text)
    Song_down                                0x08001257   Thumb Code    40  car.o(.text)
    delay_init                               0x08001285   Thumb Code    52  delay.o(.text)
    delay_us                                 0x080012b9   Thumb Code    72  delay.o(.text)
    delay_xms                                0x08001301   Thumb Code    72  delay.o(.text)
    delay_ms                                 0x08001349   Thumb Code    56  delay.o(.text)
    _sys_exit                                0x08001389   Thumb Code     4  usart.o(.text)
    fputc                                    0x0800138d   Thumb Code    32  usart.o(.text)
    usart_init                               0x080013ad   Thumb Code   164  usart.o(.text)
    usart_init2                              0x08001451   Thumb Code   162  usart.o(.text)
    USART3_Init                              0x080014f3   Thumb Code   164  usart.o(.text)
    USART1_IRQHandler                        0x08001597   Thumb Code    50  usart.o(.text)
    usart3_send_str                          0x080015c9   Thumb Code    40  usart.o(.text)
    USART3_IRQHandler                        0x080015f1   Thumb Code    50  usart.o(.text)
    USART2_IRQHandler                        0x08001623   Thumb Code   140  usart.o(.text)
    Reset_Handler                            0x080016dd   Thumb Code     8  startup_stm32f40_41xxx.o(.text)
    ADC_IRQHandler                           0x080016f7   Thumb Code     0  startup_stm32f40_41xxx.o(.text)
    CAN1_RX0_IRQHandler                      0x080016f7   Thumb Code     0  startup_stm32f40_41xxx.o(.text)
    CAN1_RX1_IRQHandler                      0x080016f7   Thumb Code     0  startup_stm32f40_41xxx.o(.text)
    CAN1_SCE_IRQHandler                      0x080016f7   Thumb Code     0  startup_stm32f40_41xxx.o(.text)
    CAN1_TX_IRQHandler                       0x080016f7   Thumb Code     0  startup_stm32f40_41xxx.o(.text)
    CAN2_RX0_IRQHandler                      0x080016f7   Thumb Code     0  startup_stm32f40_41xxx.o(.text)
    CAN2_RX1_IRQHandler                      0x080016f7   Thumb Code     0  startup_stm32f40_41xxx.o(.text)
    CAN2_SCE_IRQHandler                      0x080016f7   Thumb Code     0  startup_stm32f40_41xxx.o(.text)
    CAN2_TX_IRQHandler                       0x080016f7   Thumb Code     0  startup_stm32f40_41xxx.o(.text)
    CRYP_IRQHandler                          0x080016f7   Thumb Code     0  startup_stm32f40_41xxx.o(.text)
    DCMI_IRQHandler                          0x080016f7   Thumb Code     0  startup_stm32f40_41xxx.o(.text)
    DMA1_Stream0_IRQHandler                  0x080016f7   Thumb Code     0  startup_stm32f40_41xxx.o(.text)
    DMA1_Stream1_IRQHandler                  0x080016f7   Thumb Code     0  startup_stm32f40_41xxx.o(.text)
    DMA1_Stream2_IRQHandler                  0x080016f7   Thumb Code     0  startup_stm32f40_41xxx.o(.text)
    DMA1_Stream3_IRQHandler                  0x080016f7   Thumb Code     0  startup_stm32f40_41xxx.o(.text)
    DMA1_Stream4_IRQHandler                  0x080016f7   Thumb Code     0  startup_stm32f40_41xxx.o(.text)
    DMA1_Stream5_IRQHandler                  0x080016f7   Thumb Code     0  startup_stm32f40_41xxx.o(.text)
    DMA1_Stream6_IRQHandler                  0x080016f7   Thumb Code     0  startup_stm32f40_41xxx.o(.text)
    DMA1_Stream7_IRQHandler                  0x080016f7   Thumb Code     0  startup_stm32f40_41xxx.o(.text)
    DMA2_Stream0_IRQHandler                  0x080016f7   Thumb Code     0  startup_stm32f40_41xxx.o(.text)
    DMA2_Stream1_IRQHandler                  0x080016f7   Thumb Code     0  startup_stm32f40_41xxx.o(.text)
    DMA2_Stream2_IRQHandler                  0x080016f7   Thumb Code     0  startup_stm32f40_41xxx.o(.text)
    DMA2_Stream3_IRQHandler                  0x080016f7   Thumb Code     0  startup_stm32f40_41xxx.o(.text)
    DMA2_Stream4_IRQHandler                  0x080016f7   Thumb Code     0  startup_stm32f40_41xxx.o(.text)
    DMA2_Stream5_IRQHandler                  0x080016f7   Thumb Code     0  startup_stm32f40_41xxx.o(.text)
    DMA2_Stream6_IRQHandler                  0x080016f7   Thumb Code     0  startup_stm32f40_41xxx.o(.text)
    DMA2_Stream7_IRQHandler                  0x080016f7   Thumb Code     0  startup_stm32f40_41xxx.o(.text)
    ETH_IRQHandler                           0x080016f7   Thumb Code     0  startup_stm32f40_41xxx.o(.text)
    ETH_WKUP_IRQHandler                      0x080016f7   Thumb Code     0  startup_stm32f40_41xxx.o(.text)
    EXTI0_IRQHandler                         0x080016f7   Thumb Code     0  startup_stm32f40_41xxx.o(.text)
    EXTI15_10_IRQHandler                     0x080016f7   Thumb Code     0  startup_stm32f40_41xxx.o(.text)
    EXTI1_IRQHandler                         0x080016f7   Thumb Code     0  startup_stm32f40_41xxx.o(.text)
    EXTI2_IRQHandler                         0x080016f7   Thumb Code     0  startup_stm32f40_41xxx.o(.text)
    EXTI3_IRQHandler                         0x080016f7   Thumb Code     0  startup_stm32f40_41xxx.o(.text)
    EXTI4_IRQHandler                         0x080016f7   Thumb Code     0  startup_stm32f40_41xxx.o(.text)
    EXTI9_5_IRQHandler                       0x080016f7   Thumb Code     0  startup_stm32f40_41xxx.o(.text)
    FLASH_IRQHandler                         0x080016f7   Thumb Code     0  startup_stm32f40_41xxx.o(.text)
    FPU_IRQHandler                           0x080016f7   Thumb Code     0  startup_stm32f40_41xxx.o(.text)
    FSMC_IRQHandler                          0x080016f7   Thumb Code     0  startup_stm32f40_41xxx.o(.text)
    HASH_RNG_IRQHandler                      0x080016f7   Thumb Code     0  startup_stm32f40_41xxx.o(.text)
    I2C1_ER_IRQHandler                       0x080016f7   Thumb Code     0  startup_stm32f40_41xxx.o(.text)
    I2C1_EV_IRQHandler                       0x080016f7   Thumb Code     0  startup_stm32f40_41xxx.o(.text)
    I2C2_ER_IRQHandler                       0x080016f7   Thumb Code     0  startup_stm32f40_41xxx.o(.text)
    I2C2_EV_IRQHandler                       0x080016f7   Thumb Code     0  startup_stm32f40_41xxx.o(.text)
    I2C3_ER_IRQHandler                       0x080016f7   Thumb Code     0  startup_stm32f40_41xxx.o(.text)
    I2C3_EV_IRQHandler                       0x080016f7   Thumb Code     0  startup_stm32f40_41xxx.o(.text)
    OTG_FS_IRQHandler                        0x080016f7   Thumb Code     0  startup_stm32f40_41xxx.o(.text)
    OTG_FS_WKUP_IRQHandler                   0x080016f7   Thumb Code     0  startup_stm32f40_41xxx.o(.text)
    OTG_HS_EP1_IN_IRQHandler                 0x080016f7   Thumb Code     0  startup_stm32f40_41xxx.o(.text)
    OTG_HS_EP1_OUT_IRQHandler                0x080016f7   Thumb Code     0  startup_stm32f40_41xxx.o(.text)
    OTG_HS_IRQHandler                        0x080016f7   Thumb Code     0  startup_stm32f40_41xxx.o(.text)
    OTG_HS_WKUP_IRQHandler                   0x080016f7   Thumb Code     0  startup_stm32f40_41xxx.o(.text)
    PVD_IRQHandler                           0x080016f7   Thumb Code     0  startup_stm32f40_41xxx.o(.text)
    RCC_IRQHandler                           0x080016f7   Thumb Code     0  startup_stm32f40_41xxx.o(.text)
    RTC_Alarm_IRQHandler                     0x080016f7   Thumb Code     0  startup_stm32f40_41xxx.o(.text)
    RTC_WKUP_IRQHandler                      0x080016f7   Thumb Code     0  startup_stm32f40_41xxx.o(.text)
    SDIO_IRQHandler                          0x080016f7   Thumb Code     0  startup_stm32f40_41xxx.o(.text)
    SPI1_IRQHandler                          0x080016f7   Thumb Code     0  startup_stm32f40_41xxx.o(.text)
    SPI2_IRQHandler                          0x080016f7   Thumb Code     0  startup_stm32f40_41xxx.o(.text)
    SPI3_IRQHandler                          0x080016f7   Thumb Code     0  startup_stm32f40_41xxx.o(.text)
    TAMP_STAMP_IRQHandler                    0x080016f7   Thumb Code     0  startup_stm32f40_41xxx.o(.text)
    TIM1_BRK_TIM9_IRQHandler                 0x080016f7   Thumb Code     0  startup_stm32f40_41xxx.o(.text)
    TIM1_CC_IRQHandler                       0x080016f7   Thumb Code     0  startup_stm32f40_41xxx.o(.text)
    TIM1_TRG_COM_TIM11_IRQHandler            0x080016f7   Thumb Code     0  startup_stm32f40_41xxx.o(.text)
    TIM1_UP_TIM10_IRQHandler                 0x080016f7   Thumb Code     0  startup_stm32f40_41xxx.o(.text)
    TIM2_IRQHandler                          0x080016f7   Thumb Code     0  startup_stm32f40_41xxx.o(.text)
    TIM3_IRQHandler                          0x080016f7   Thumb Code     0  startup_stm32f40_41xxx.o(.text)
    TIM4_IRQHandler                          0x080016f7   Thumb Code     0  startup_stm32f40_41xxx.o(.text)
    TIM5_IRQHandler                          0x080016f7   Thumb Code     0  startup_stm32f40_41xxx.o(.text)
    TIM6_DAC_IRQHandler                      0x080016f7   Thumb Code     0  startup_stm32f40_41xxx.o(.text)
    TIM7_IRQHandler                          0x080016f7   Thumb Code     0  startup_stm32f40_41xxx.o(.text)
    TIM8_BRK_TIM12_IRQHandler                0x080016f7   Thumb Code     0  startup_stm32f40_41xxx.o(.text)
    TIM8_CC_IRQHandler                       0x080016f7   Thumb Code     0  startup_stm32f40_41xxx.o(.text)
    TIM8_TRG_COM_TIM14_IRQHandler            0x080016f7   Thumb Code     0  startup_stm32f40_41xxx.o(.text)
    TIM8_UP_TIM13_IRQHandler                 0x080016f7   Thumb Code     0  startup_stm32f40_41xxx.o(.text)
    UART4_IRQHandler                         0x080016f7   Thumb Code     0  startup_stm32f40_41xxx.o(.text)
    UART5_IRQHandler                         0x080016f7   Thumb Code     0  startup_stm32f40_41xxx.o(.text)
    USART6_IRQHandler                        0x080016f7   Thumb Code     0  startup_stm32f40_41xxx.o(.text)
    WWDG_IRQHandler                          0x080016f7   Thumb Code     0  startup_stm32f40_41xxx.o(.text)
    __user_initial_stackheap                 0x080016f9   Thumb Code     0  startup_stm32f40_41xxx.o(.text)
    NVIC_PriorityGroupConfig                 0x0800171d   Thumb Code    10  misc.o(.text)
    NVIC_Init                                0x08001727   Thumb Code   106  misc.o(.text)
    NVIC_SetVectorTable                      0x08001791   Thumb Code    14  misc.o(.text)
    NVIC_SystemLPConfig                      0x0800179f   Thumb Code    34  misc.o(.text)
    SysTick_CLKSourceConfig                  0x080017c1   Thumb Code    40  misc.o(.text)
    GPIO_DeInit                              0x080017fd   Thumb Code   268  stm32f4xx_gpio.o(.text)
    GPIO_Init                                0x08001909   Thumb Code   144  stm32f4xx_gpio.o(.text)
    GPIO_StructInit                          0x08001999   Thumb Code    18  stm32f4xx_gpio.o(.text)
    GPIO_PinLockConfig                       0x080019ab   Thumb Code    34  stm32f4xx_gpio.o(.text)
    GPIO_ReadInputDataBit                    0x080019cd   Thumb Code    18  stm32f4xx_gpio.o(.text)
    GPIO_ReadInputData                       0x080019df   Thumb Code     8  stm32f4xx_gpio.o(.text)
    GPIO_ReadOutputDataBit                   0x080019e7   Thumb Code    18  stm32f4xx_gpio.o(.text)
    GPIO_ReadOutputData                      0x080019f9   Thumb Code     8  stm32f4xx_gpio.o(.text)
    GPIO_SetBits                             0x08001a01   Thumb Code     4  stm32f4xx_gpio.o(.text)
    GPIO_ResetBits                           0x08001a05   Thumb Code     4  stm32f4xx_gpio.o(.text)
    GPIO_WriteBit                            0x08001a09   Thumb Code    10  stm32f4xx_gpio.o(.text)
    GPIO_Write                               0x08001a13   Thumb Code     4  stm32f4xx_gpio.o(.text)
    GPIO_ToggleBits                          0x08001a17   Thumb Code     8  stm32f4xx_gpio.o(.text)
    GPIO_PinAFConfig                         0x08001a1f   Thumb Code    70  stm32f4xx_gpio.o(.text)
    RCC_DeInit                               0x08001a91   Thumb Code    82  stm32f4xx_rcc.o(.text)
    RCC_HSEConfig                            0x08001ae3   Thumb Code    14  stm32f4xx_rcc.o(.text)
    RCC_GetFlagStatus                        0x08001af1   Thumb Code    60  stm32f4xx_rcc.o(.text)
    RCC_WaitForHSEStartUp                    0x08001b2d   Thumb Code    56  stm32f4xx_rcc.o(.text)
    RCC_AdjustHSICalibrationValue            0x08001b65   Thumb Code    20  stm32f4xx_rcc.o(.text)
    RCC_HSICmd                               0x08001b79   Thumb Code     6  stm32f4xx_rcc.o(.text)
    RCC_LSEConfig                            0x08001b7f   Thumb Code    46  stm32f4xx_rcc.o(.text)
    RCC_LSICmd                               0x08001bad   Thumb Code     6  stm32f4xx_rcc.o(.text)
    RCC_PLLConfig                            0x08001bb3   Thumb Code    32  stm32f4xx_rcc.o(.text)
    RCC_PLLCmd                               0x08001bd3   Thumb Code     6  stm32f4xx_rcc.o(.text)
    RCC_PLLI2SConfig                         0x08001bd9   Thumb Code    14  stm32f4xx_rcc.o(.text)
    RCC_PLLI2SCmd                            0x08001be7   Thumb Code     6  stm32f4xx_rcc.o(.text)
    RCC_PLLSAIConfig                         0x08001bed   Thumb Code    20  stm32f4xx_rcc.o(.text)
    RCC_PLLSAICmd                            0x08001c01   Thumb Code     6  stm32f4xx_rcc.o(.text)
    RCC_ClockSecuritySystemCmd               0x08001c07   Thumb Code     6  stm32f4xx_rcc.o(.text)
    RCC_MCO1Config                           0x08001c0d   Thumb Code    28  stm32f4xx_rcc.o(.text)
    RCC_MCO2Config                           0x08001c29   Thumb Code    28  stm32f4xx_rcc.o(.text)
    RCC_SYSCLKConfig                         0x08001c45   Thumb Code    20  stm32f4xx_rcc.o(.text)
    RCC_GetSYSCLKSource                      0x08001c59   Thumb Code    12  stm32f4xx_rcc.o(.text)
    RCC_HCLKConfig                           0x08001c65   Thumb Code    20  stm32f4xx_rcc.o(.text)
    RCC_PCLK1Config                          0x08001c79   Thumb Code    20  stm32f4xx_rcc.o(.text)
    RCC_PCLK2Config                          0x08001c8d   Thumb Code    22  stm32f4xx_rcc.o(.text)
    RCC_GetClocksFreq                        0x08001ca3   Thumb Code   222  stm32f4xx_rcc.o(.text)
    RCC_RTCCLKConfig                         0x08001d81   Thumb Code    54  stm32f4xx_rcc.o(.text)
    RCC_RTCCLKCmd                            0x08001db7   Thumb Code     8  stm32f4xx_rcc.o(.text)
    RCC_BackupResetCmd                       0x08001dbf   Thumb Code     8  stm32f4xx_rcc.o(.text)
    RCC_I2SCLKConfig                         0x08001dc7   Thumb Code     6  stm32f4xx_rcc.o(.text)
    RCC_SAIPLLI2SClkDivConfig                0x08001dcd   Thumb Code    26  stm32f4xx_rcc.o(.text)
    RCC_SAIPLLSAIClkDivConfig                0x08001de7   Thumb Code    28  stm32f4xx_rcc.o(.text)
    RCC_SAIBlockACLKConfig                   0x08001e03   Thumb Code    20  stm32f4xx_rcc.o(.text)
    RCC_SAIBlockBCLKConfig                   0x08001e17   Thumb Code    20  stm32f4xx_rcc.o(.text)
    RCC_LTDCCLKDivConfig                     0x08001e2b   Thumb Code    20  stm32f4xx_rcc.o(.text)
    RCC_TIMCLKPresConfig                     0x08001e3f   Thumb Code     6  stm32f4xx_rcc.o(.text)
    RCC_AHB1PeriphClockCmd                   0x08001e45   Thumb Code    34  stm32f4xx_rcc.o(.text)
    RCC_AHB2PeriphClockCmd                   0x08001e67   Thumb Code    78  stm32f4xx_rcc.o(.text)
    RCC_AHB3PeriphClockCmd                   0x08001eb5   Thumb Code    34  stm32f4xx_rcc.o(.text)
    RCC_APB1PeriphClockCmd                   0x08001ed7   Thumb Code    34  stm32f4xx_rcc.o(.text)
    RCC_APB2PeriphClockCmd                   0x08001ef9   Thumb Code    34  stm32f4xx_rcc.o(.text)
    RCC_AHB1PeriphResetCmd                   0x08001f1b   Thumb Code    34  stm32f4xx_rcc.o(.text)
    RCC_AHB2PeriphResetCmd                   0x08001f3d   Thumb Code    34  stm32f4xx_rcc.o(.text)
    RCC_AHB3PeriphResetCmd                   0x08001f5f   Thumb Code    34  stm32f4xx_rcc.o(.text)
    RCC_APB1PeriphResetCmd                   0x08001f81   Thumb Code    34  stm32f4xx_rcc.o(.text)
    RCC_APB2PeriphResetCmd                   0x08001fa3   Thumb Code    34  stm32f4xx_rcc.o(.text)
    RCC_AHB1PeriphClockLPModeCmd             0x08001fc5   Thumb Code    34  stm32f4xx_rcc.o(.text)
    RCC_AHB2PeriphClockLPModeCmd             0x08001fe7   Thumb Code    34  stm32f4xx_rcc.o(.text)
    RCC_AHB3PeriphClockLPModeCmd             0x08002009   Thumb Code    34  stm32f4xx_rcc.o(.text)
    RCC_APB1PeriphClockLPModeCmd             0x0800202b   Thumb Code    34  stm32f4xx_rcc.o(.text)
    RCC_APB2PeriphClockLPModeCmd             0x0800204d   Thumb Code    34  stm32f4xx_rcc.o(.text)
    RCC_LSEModeConfig                        0x0800206f   Thumb Code    40  stm32f4xx_rcc.o(.text)
    RCC_ITConfig                             0x08002097   Thumb Code    34  stm32f4xx_rcc.o(.text)
    RCC_ClearFlag                            0x080020b9   Thumb Code    18  stm32f4xx_rcc.o(.text)
    RCC_GetITStatus                          0x080020cb   Thumb Code    22  stm32f4xx_rcc.o(.text)
    RCC_ClearITPendingBit                    0x080020e1   Thumb Code     8  stm32f4xx_rcc.o(.text)
    USART_DeInit                             0x080020ed   Thumb Code   206  stm32f4xx_usart.o(.text)
    USART_Init                               0x080021bb   Thumb Code   204  stm32f4xx_usart.o(.text)
    USART_StructInit                         0x08002287   Thumb Code    24  stm32f4xx_usart.o(.text)
    USART_ClockInit                          0x0800229f   Thumb Code    32  stm32f4xx_usart.o(.text)
    USART_ClockStructInit                    0x080022bf   Thumb Code    12  stm32f4xx_usart.o(.text)
    USART_Cmd                                0x080022cb   Thumb Code    24  stm32f4xx_usart.o(.text)
    USART_SetPrescaler                       0x080022e3   Thumb Code    16  stm32f4xx_usart.o(.text)
    USART_OverSampling8Cmd                   0x080022f3   Thumb Code    22  stm32f4xx_usart.o(.text)
    USART_OneBitMethodCmd                    0x08002309   Thumb Code    24  stm32f4xx_usart.o(.text)
    USART_SendData                           0x08002321   Thumb Code     8  stm32f4xx_usart.o(.text)
    USART_ReceiveData                        0x08002329   Thumb Code    10  stm32f4xx_usart.o(.text)
    USART_SetAddress                         0x08002333   Thumb Code    18  stm32f4xx_usart.o(.text)
    USART_ReceiverWakeUpCmd                  0x08002345   Thumb Code    24  stm32f4xx_usart.o(.text)
    USART_WakeUpConfig                       0x0800235d   Thumb Code    18  stm32f4xx_usart.o(.text)
    USART_LINBreakDetectLengthConfig         0x0800236f   Thumb Code    18  stm32f4xx_usart.o(.text)
    USART_LINCmd                             0x08002381   Thumb Code    24  stm32f4xx_usart.o(.text)
    USART_SendBreak                          0x08002399   Thumb Code    10  stm32f4xx_usart.o(.text)
    USART_HalfDuplexCmd                      0x080023a3   Thumb Code    24  stm32f4xx_usart.o(.text)
    USART_SetGuardTime                       0x080023bb   Thumb Code    16  stm32f4xx_usart.o(.text)
    USART_SmartCardCmd                       0x080023cb   Thumb Code    24  stm32f4xx_usart.o(.text)
    USART_SmartCardNACKCmd                   0x080023e3   Thumb Code    24  stm32f4xx_usart.o(.text)
    USART_IrDAConfig                         0x080023fb   Thumb Code    18  stm32f4xx_usart.o(.text)
    USART_IrDACmd                            0x0800240d   Thumb Code    24  stm32f4xx_usart.o(.text)
    USART_DMACmd                             0x08002425   Thumb Code    18  stm32f4xx_usart.o(.text)
    USART_ITConfig                           0x08002437   Thumb Code    74  stm32f4xx_usart.o(.text)
    USART_GetFlagStatus                      0x08002481   Thumb Code    26  stm32f4xx_usart.o(.text)
    USART_ClearFlag                          0x0800249b   Thumb Code    18  stm32f4xx_usart.o(.text)
    USART_GetITStatus                        0x080024ad   Thumb Code   118  stm32f4xx_usart.o(.text)
    USART_ClearITPendingBit                  0x08002523   Thumb Code    30  stm32f4xx_usart.o(.text)
    __use_no_semihosting                     0x08002541   Thumb Code     2  use_no_semi_2.o(.text)
    atoi                                     0x08002543   Thumb Code    26  atoi.o(.text)
    strtok                                   0x0800255d   Thumb Code     6  strtok.o(.text)
    __aeabi_memclr                           0x08002569   Thumb Code     0  rt_memclr.o(.text)
    __rt_memclr                              0x08002569   Thumb Code    68  rt_memclr.o(.text)
    _memset                                  0x0800256d   Thumb Code     0  rt_memclr.o(.text)
    strcmp                                   0x080025ad   Thumb Code   128  strcmpv7m.o(.text)
    __use_two_region_memory                  0x0800262d   Thumb Code     2  heapauxi.o(.text)
    __rt_heap_escrow$2region                 0x0800262f   Thumb Code     2  heapauxi.o(.text)
    __rt_heap_expand$2region                 0x08002631   Thumb Code     2  heapauxi.o(.text)
    __I$use$semihosting                      0x08002633   Thumb Code     0  use_no_semi.o(.text)
    __use_no_semihosting_swi                 0x08002633   Thumb Code     2  use_no_semi.o(.text)
    __aeabi_errno_addr                       0x08002635   Thumb Code     8  rt_errno_addr_intlibspace.o(.text)
    __errno$intlibspace                      0x08002635   Thumb Code     0  rt_errno_addr_intlibspace.o(.text)
    __rt_errno_addr$intlibspace              0x08002635   Thumb Code     0  rt_errno_addr_intlibspace.o(.text)
    strtol                                   0x0800263d   Thumb Code   112  strtol.o(.text)
    __strtok_internal                        0x080026ad   Thumb Code    64  strtok_int.o(.text)
    __aeabi_memclr4                          0x080026f1   Thumb Code     0  rt_memclr_w.o(.text)
    __aeabi_memclr8                          0x080026f1   Thumb Code     0  rt_memclr_w.o(.text)
    __rt_memclr_w                            0x080026f1   Thumb Code    78  rt_memclr_w.o(.text)
    _memset_w                                0x080026f5   Thumb Code     0  rt_memclr_w.o(.text)
    __user_libspace                          0x08002741   Thumb Code     8  libspace.o(.text)
    __user_perproc_libspace                  0x08002741   Thumb Code     0  libspace.o(.text)
    __user_perthread_libspace                0x08002741   Thumb Code     0  libspace.o(.text)
    __rt_ctype_table                         0x08002749   Thumb Code    16  rt_ctype_table.o(.text)
    _strtoul                                 0x08002759   Thumb Code   158  _strtoul.o(.text)
    strcspn                                  0x080027f7   Thumb Code    32  strcspn.o(.text)
    strspn                                   0x08002817   Thumb Code    28  strspn.o(.text)
    __user_setup_stackheap                   0x08002833   Thumb Code    74  sys_stackheap_outer.o(.text)
    __rt_locale                              0x0800287d   Thumb Code     8  rt_locale_intlibspace.o(.text)
    _chval                                   0x08002885   Thumb Code    28  _chval.o(.text)
    exit                                     0x080028a1   Thumb Code    18  exit.o(.text)
    __hardfp_floor                           0x080028b9   Thumb Code   252  floor.o(i.__hardfp_floor)
    _get_lc_ctype                            0x080029d1   Thumb Code    44  lc_ctype_c.o(locale$$code)
    __aeabi_d2f                              0x080029fd   Thumb Code     0  d2f.o(x$fpl$d2f)
    _d2f                                     0x080029fd   Thumb Code    98  d2f.o(x$fpl$d2f)
    __aeabi_dadd                             0x08002a61   Thumb Code     0  daddsub_clz.o(x$fpl$dadd)
    _dadd                                    0x08002a61   Thumb Code   332  daddsub_clz.o(x$fpl$dadd)
    __fpl_dcmp_Inf                           0x08002bb1   Thumb Code    24  dcmpi.o(x$fpl$dcmpinf)
    __aeabi_ddiv                             0x08002bc9   Thumb Code     0  ddiv.o(x$fpl$ddiv)
    _ddiv                                    0x08002bc9   Thumb Code   552  ddiv.o(x$fpl$ddiv)
    __aeabi_d2uiz                            0x08002e79   Thumb Code     0  dfixu.o(x$fpl$dfixu)
    _dfixu                                   0x08002e79   Thumb Code    90  dfixu.o(x$fpl$dfixu)
    __aeabi_i2d                              0x08002ed3   Thumb Code     0  dflt_clz.o(x$fpl$dflt)
    _dflt                                    0x08002ed3   Thumb Code    46  dflt_clz.o(x$fpl$dflt)
    __aeabi_cdcmple                          0x08002f01   Thumb Code     0  dleqf.o(x$fpl$dleqf)
    _dcmple                                  0x08002f01   Thumb Code   120  dleqf.o(x$fpl$dleqf)
    __fpl_dcmple_InfNaN                      0x08002f63   Thumb Code     0  dleqf.o(x$fpl$dleqf)
    __aeabi_dmul                             0x08002f79   Thumb Code     0  dmul.o(x$fpl$dmul)
    _dmul                                    0x08002f79   Thumb Code   332  dmul.o(x$fpl$dmul)
    __fpl_dnaninf                            0x080030cd   Thumb Code   156  dnaninf.o(x$fpl$dnaninf)
    __fpl_dretinf                            0x08003169   Thumb Code    12  dretinf.o(x$fpl$dretinf)
    __aeabi_cdrcmple                         0x08003175   Thumb Code     0  drleqf.o(x$fpl$drleqf)
    _drcmple                                 0x08003175   Thumb Code   108  drleqf.o(x$fpl$drleqf)
    __aeabi_drsub                            0x080031e1   Thumb Code     0  daddsub_clz.o(x$fpl$drsb)
    _drsb                                    0x080031e1   Thumb Code    22  daddsub_clz.o(x$fpl$drsb)
    __aeabi_dsub                             0x080031f9   Thumb Code     0  daddsub_clz.o(x$fpl$dsub)
    _dsub                                    0x080031f9   Thumb Code   464  daddsub_clz.o(x$fpl$dsub)
    __aeabi_f2d                              0x080033cd   Thumb Code     0  f2d.o(x$fpl$f2d)
    _f2d                                     0x080033cd   Thumb Code    86  f2d.o(x$fpl$f2d)
    __fpl_fnaninf                            0x08003423   Thumb Code   140  fnaninf.o(x$fpl$fnaninf)
    _fp_init                                 0x080034af   Thumb Code    10  fpinit.o(x$fpl$fpinit)
    __fplib_config_fpu_vfp                   0x080034b7   Thumb Code     0  fpinit.o(x$fpl$fpinit)
    __fplib_config_pureend_doubles           0x080034b7   Thumb Code     0  fpinit.o(x$fpl$fpinit)
    __fpl_fretinf                            0x080034b9   Thumb Code    10  fretinf.o(x$fpl$fretinf)
    __I$use$fp                               0x080034c2   Number         0  usenofp.o(x$fpl$usenofp)
    Region$$Table$$Base                      0x080034c4   Number         0  anon$$obj.o(Region$$Table)
    Region$$Table$$Limit                     0x080034e4   Number         0  anon$$obj.o(Region$$Table)
    __ctype                                  0x080034f1   Data           0  lc_ctype_c.o(locale$$data)
    CarSpeedControl                          0x20000000   Data           4  main.o(.data)
    SystemCoreClock                          0x20000004   Data           4  system_stm32f4xx.o(.data)
    AHBPrescTable                            0x20000008   Data          16  system_stm32f4xx.o(.data)
    flags                                    0x20000018   Data           4  car.o(.data)
    rx_count                                 0x20000020   Data           1  usart.o(.data)
    rx_i                                     0x20000021   Data           1  usart.o(.data)
    rx_flag                                  0x20000022   Data           1  usart.o(.data)
    i                                        0x20000023   Data           1  usart.o(.data)
    data                                     0x20000024   Data           4  usart.o(.data)
    uart1_data                               0x20000028   Data           4  usart.o(.data)
    __stdout                                 0x2000002c   Data           4  usart.o(.data)
    buffer                                   0x20000044   Data          20  usart.o(.bss)
    rx_buffer                                0x20000058   Data          20  usart.o(.bss)
    __libspace_start                         0x2000006c   Data          96  libspace.o(.bss)
    __temporary_stack_top$libspace           0x200000cc   Data           0  libspace.o(.bss)



==============================================================================

Memory Map of the image

  Image Entry point : 0x08000189

  Load Region LR_IROM1 (Base: 0x08000000, Size: 0x00003638, Max: 0x00080000, ABSOLUTE)

    Execution Region ER_IROM1 (Exec base: 0x08000000, Load base: 0x08000000, Size: 0x000035f4, Max: 0x00080000, ABSOLUTE)

    Exec Addr    Load Addr    Size         Type   Attr      Idx    E Section Name        Object

    0x08000000   0x08000000   0x00000188   Data   RO          569    RESET               startup_stm32f40_41xxx.o
    0x08000188   0x08000188   0x00000008   Code   RO          774  * !!!main             c_w.l(__main.o)
    0x08000190   0x08000190   0x00000034   Code   RO         1005    !!!scatter          c_w.l(__scatter.o)
    0x080001c4   0x080001c4   0x0000001a   Code   RO         1007    !!handler_copy      c_w.l(__scatter_copy.o)
    0x080001de   0x080001de   0x00000002   PAD
    0x080001e0   0x080001e0   0x0000001c   Code   RO         1009    !!handler_zi        c_w.l(__scatter_zi.o)
    0x080001fc   0x080001fc   0x00000002   Code   RO          880    .ARM.Collect$$libinit$$00000000  c_w.l(libinit.o)
    0x080001fe   0x080001fe   0x00000004   Code   RO          885    .ARM.Collect$$libinit$$00000001  c_w.l(libinit2.o)
    0x08000202   0x08000202   0x00000000   Code   RO          888    .ARM.Collect$$libinit$$00000004  c_w.l(libinit2.o)
    0x08000202   0x08000202   0x00000000   Code   RO          891    .ARM.Collect$$libinit$$0000000A  c_w.l(libinit2.o)
    0x08000202   0x08000202   0x00000000   Code   RO          893    .ARM.Collect$$libinit$$0000000C  c_w.l(libinit2.o)
    0x08000202   0x08000202   0x00000000   Code   RO          895    .ARM.Collect$$libinit$$0000000E  c_w.l(libinit2.o)
    0x08000202   0x08000202   0x00000006   Code   RO          896    .ARM.Collect$$libinit$$0000000F  c_w.l(libinit2.o)
    0x08000208   0x08000208   0x00000000   Code   RO          898    .ARM.Collect$$libinit$$00000011  c_w.l(libinit2.o)
    0x08000208   0x08000208   0x0000000c   Code   RO          899    .ARM.Collect$$libinit$$00000012  c_w.l(libinit2.o)
    0x08000214   0x08000214   0x00000000   Code   RO          900    .ARM.Collect$$libinit$$00000013  c_w.l(libinit2.o)
    0x08000214   0x08000214   0x00000000   Code   RO          902    .ARM.Collect$$libinit$$00000015  c_w.l(libinit2.o)
    0x08000214   0x08000214   0x00000000   Code   RO          904    .ARM.Collect$$libinit$$00000017  c_w.l(libinit2.o)
    0x08000214   0x08000214   0x00000000   Code   RO          906    .ARM.Collect$$libinit$$00000019  c_w.l(libinit2.o)
    0x08000214   0x08000214   0x00000000   Code   RO          908    .ARM.Collect$$libinit$$0000001B  c_w.l(libinit2.o)
    0x08000214   0x08000214   0x00000000   Code   RO          910    .ARM.Collect$$libinit$$0000001D  c_w.l(libinit2.o)
    0x08000214   0x08000214   0x00000000   Code   RO          912    .ARM.Collect$$libinit$$0000001F  c_w.l(libinit2.o)
    0x08000214   0x08000214   0x00000000   Code   RO          914    .ARM.Collect$$libinit$$00000021  c_w.l(libinit2.o)
    0x08000214   0x08000214   0x00000000   Code   RO          916    .ARM.Collect$$libinit$$00000023  c_w.l(libinit2.o)
    0x08000214   0x08000214   0x00000000   Code   RO          918    .ARM.Collect$$libinit$$00000025  c_w.l(libinit2.o)
    0x08000214   0x08000214   0x00000000   Code   RO          922    .ARM.Collect$$libinit$$0000002C  c_w.l(libinit2.o)
    0x08000214   0x08000214   0x00000000   Code   RO          924    .ARM.Collect$$libinit$$0000002E  c_w.l(libinit2.o)
    0x08000214   0x08000214   0x00000000   Code   RO          926    .ARM.Collect$$libinit$$00000030  c_w.l(libinit2.o)
    0x08000214   0x08000214   0x00000000   Code   RO          928    .ARM.Collect$$libinit$$00000032  c_w.l(libinit2.o)
    0x08000214   0x08000214   0x00000002   Code   RO          929    .ARM.Collect$$libinit$$00000033  c_w.l(libinit2.o)
    0x08000216   0x08000216   0x00000002   Code   RO          947    .ARM.Collect$$libshutdown$$00000000  c_w.l(libshutdown.o)
    0x08000218   0x08000218   0x00000000   Code   RO          957    .ARM.Collect$$libshutdown$$00000002  c_w.l(libshutdown2.o)
    0x08000218   0x08000218   0x00000000   Code   RO          959    .ARM.Collect$$libshutdown$$00000004  c_w.l(libshutdown2.o)
    0x08000218   0x08000218   0x00000000   Code   RO          962    .ARM.Collect$$libshutdown$$00000007  c_w.l(libshutdown2.o)
    0x08000218   0x08000218   0x00000000   Code   RO          965    .ARM.Collect$$libshutdown$$0000000A  c_w.l(libshutdown2.o)
    0x08000218   0x08000218   0x00000000   Code   RO          967    .ARM.Collect$$libshutdown$$0000000C  c_w.l(libshutdown2.o)
    0x08000218   0x08000218   0x00000000   Code   RO          970    .ARM.Collect$$libshutdown$$0000000F  c_w.l(libshutdown2.o)
    0x08000218   0x08000218   0x00000002   Code   RO          971    .ARM.Collect$$libshutdown$$00000010  c_w.l(libshutdown2.o)
    0x0800021a   0x0800021a   0x00000000   Code   RO          810    .ARM.Collect$$rtentry$$00000000  c_w.l(__rtentry.o)
    0x0800021a   0x0800021a   0x00000000   Code   RO          837    .ARM.Collect$$rtentry$$00000002  c_w.l(__rtentry2.o)
    0x0800021a   0x0800021a   0x00000006   Code   RO          849    .ARM.Collect$$rtentry$$00000004  c_w.l(__rtentry4.o)
    0x08000220   0x08000220   0x00000000   Code   RO          839    .ARM.Collect$$rtentry$$00000009  c_w.l(__rtentry2.o)
    0x08000220   0x08000220   0x00000004   Code   RO          840    .ARM.Collect$$rtentry$$0000000A  c_w.l(__rtentry2.o)
    0x08000224   0x08000224   0x00000000   Code   RO          842    .ARM.Collect$$rtentry$$0000000C  c_w.l(__rtentry2.o)
    0x08000224   0x08000224   0x00000008   Code   RO          843    .ARM.Collect$$rtentry$$0000000D  c_w.l(__rtentry2.o)
    0x0800022c   0x0800022c   0x00000002   Code   RO          883    .ARM.Collect$$rtexit$$00000000  c_w.l(rtexit.o)
    0x0800022e   0x0800022e   0x00000000   Code   RO          931    .ARM.Collect$$rtexit$$00000002  c_w.l(rtexit2.o)
    0x0800022e   0x0800022e   0x00000004   Code   RO          932    .ARM.Collect$$rtexit$$00000003  c_w.l(rtexit2.o)
    0x08000232   0x08000232   0x00000006   Code   RO          933    .ARM.Collect$$rtexit$$00000004  c_w.l(rtexit2.o)
    0x08000238   0x08000238   0x000002f4   Code   RO            3    .text               main.o
    0x0800052c   0x0800052c   0x0000001a   Code   RO          175    .text               stm32f4xx_it.o
    0x08000546   0x08000546   0x00000002   PAD
    0x08000548   0x08000548   0x00000210   Code   RO          299    .text               system_stm32f4xx.o
    0x08000758   0x08000758   0x0000025c   Code   RO          377    .text               myiic.o
    0x080009b4   0x080009b4   0x000001c8   Code   RO          426    .text               pca9685.o
    0x08000b7c   0x08000b7c   0x00000708   Code   RO          453    .text               car.o
    0x08001284   0x08001284   0x00000104   Code   RO          498    .text               delay.o
    0x08001388   0x08001388   0x00000354   Code   RO          538    .text               usart.o
    0x080016dc   0x080016dc   0x00000040   Code   RO          570    .text               startup_stm32f40_41xxx.o
    0x0800171c   0x0800171c   0x000000e0   Code   RO          576    .text               misc.o
    0x080017fc   0x080017fc   0x00000294   Code   RO          596    .text               stm32f4xx_gpio.o
    0x08001a90   0x08001a90   0x0000065c   Code   RO          639    .text               stm32f4xx_rcc.o
    0x080020ec   0x080020ec   0x00000454   Code   RO          681    .text               stm32f4xx_usart.o
    0x08002540   0x08002540   0x00000002   Code   RO          761    .text               c_w.l(use_no_semi_2.o)
    0x08002542   0x08002542   0x0000001a   Code   RO          763    .text               c_w.l(atoi.o)
    0x0800255c   0x0800255c   0x0000000c   Code   RO          765    .text               c_w.l(strtok.o)
    0x08002568   0x08002568   0x00000044   Code   RO          768    .text               c_w.l(rt_memclr.o)
    0x080025ac   0x080025ac   0x00000080   Code   RO          770    .text               c_w.l(strcmpv7m.o)
    0x0800262c   0x0800262c   0x00000006   Code   RO          772    .text               c_w.l(heapauxi.o)
    0x08002632   0x08002632   0x00000002   Code   RO          808    .text               c_w.l(use_no_semi.o)
    0x08002634   0x08002634   0x00000008   Code   RO          814    .text               c_w.l(rt_errno_addr_intlibspace.o)
    0x0800263c   0x0800263c   0x00000070   Code   RO          816    .text               c_w.l(strtol.o)
    0x080026ac   0x080026ac   0x00000044   Code   RO          818    .text               c_w.l(strtok_int.o)
    0x080026f0   0x080026f0   0x0000004e   Code   RO          820    .text               c_w.l(rt_memclr_w.o)
    0x0800273e   0x0800273e   0x00000002   PAD
    0x08002740   0x08002740   0x00000008   Code   RO          833    .text               c_w.l(libspace.o)
    0x08002748   0x08002748   0x00000010   Code   RO          851    .text               c_w.l(rt_ctype_table.o)
    0x08002758   0x08002758   0x0000009e   Code   RO          853    .text               c_w.l(_strtoul.o)
    0x080027f6   0x080027f6   0x00000020   Code   RO          855    .text               c_w.l(strcspn.o)
    0x08002816   0x08002816   0x0000001c   Code   RO          857    .text               c_w.l(strspn.o)
    0x08002832   0x08002832   0x0000004a   Code   RO          861    .text               c_w.l(sys_stackheap_outer.o)
    0x0800287c   0x0800287c   0x00000008   Code   RO          866    .text               c_w.l(rt_locale_intlibspace.o)
    0x08002884   0x08002884   0x0000001c   Code   RO          868    .text               c_w.l(_chval.o)
    0x080028a0   0x080028a0   0x00000012   Code   RO          873    .text               c_w.l(exit.o)
    0x080028b2   0x080028b2   0x00000006   PAD
    0x080028b8   0x080028b8   0x00000118   Code   RO          802    i.__hardfp_floor    m_wm.l(floor.o)
    0x080029d0   0x080029d0   0x0000002c   Code   RO          871    locale$$code        c_w.l(lc_ctype_c.o)
    0x080029fc   0x080029fc   0x00000062   Code   RO          776    x$fpl$d2f           fz_wm.l(d2f.o)
    0x08002a5e   0x08002a5e   0x00000002   PAD
    0x08002a60   0x08002a60   0x00000150   Code   RO          778    x$fpl$dadd          fz_wm.l(daddsub_clz.o)
    0x08002bb0   0x08002bb0   0x00000018   Code   RO          881    x$fpl$dcmpinf       fz_wm.l(dcmpi.o)
    0x08002bc8   0x08002bc8   0x000002b0   Code   RO          785    x$fpl$ddiv          fz_wm.l(ddiv.o)
    0x08002e78   0x08002e78   0x0000005a   Code   RO          788    x$fpl$dfixu         fz_wm.l(dfixu.o)
    0x08002ed2   0x08002ed2   0x0000002e   Code   RO          793    x$fpl$dflt          fz_wm.l(dflt_clz.o)
    0x08002f00   0x08002f00   0x00000078   Code   RO          859    x$fpl$dleqf         fz_wm.l(dleqf.o)
    0x08002f78   0x08002f78   0x00000154   Code   RO          798    x$fpl$dmul          fz_wm.l(dmul.o)
    0x080030cc   0x080030cc   0x0000009c   Code   RO          822    x$fpl$dnaninf       fz_wm.l(dnaninf.o)
    0x08003168   0x08003168   0x0000000c   Code   RO          824    x$fpl$dretinf       fz_wm.l(dretinf.o)
    0x08003174   0x08003174   0x0000006c   Code   RO          826    x$fpl$drleqf        fz_wm.l(drleqf.o)
    0x080031e0   0x080031e0   0x00000016   Code   RO          779    x$fpl$drsb          fz_wm.l(daddsub_clz.o)
    0x080031f6   0x080031f6   0x00000002   PAD
    0x080031f8   0x080031f8   0x000001d4   Code   RO          780    x$fpl$dsub          fz_wm.l(daddsub_clz.o)
    0x080033cc   0x080033cc   0x00000056   Code   RO          800    x$fpl$f2d           fz_wm.l(f2d.o)
    0x08003422   0x08003422   0x0000008c   Code   RO          828    x$fpl$fnaninf       fz_wm.l(fnaninf.o)
    0x080034ae   0x080034ae   0x0000000a   Code   RO          939    x$fpl$fpinit        fz_wm.l(fpinit.o)
    0x080034b8   0x080034b8   0x0000000a   Code   RO          830    x$fpl$fretinf       fz_wm.l(fretinf.o)
    0x080034c2   0x080034c2   0x00000000   Code   RO          832    x$fpl$usenofp       fz_wm.l(usenofp.o)
    0x080034c2   0x080034c2   0x00000002   PAD
    0x080034c4   0x080034c4   0x00000020   Data   RO         1003    Region$$Table       anon$$obj.o
    0x080034e4   0x080034e4   0x00000110   Data   RO          870    locale$$data        c_w.l(lc_ctype_c.o)


    Execution Region RW_IRAM1 (Exec base: 0x20000000, Load base: 0x080035f4, Size: 0x000006d0, Max: 0x00020000, ABSOLUTE)

    Exec Addr    Load Addr    Size         Type   Attr      Idx    E Section Name        Object

    0x20000000   0x080035f4   0x00000004   Data   RW            4    .data               main.o
    0x20000004   0x080035f8   0x00000014   Data   RW          300    .data               system_stm32f4xx.o
    0x20000018   0x0800360c   0x00000004   Data   RW          454    .data               car.o
    0x2000001c   0x08003610   0x00000004   Data   RW          499    .data               delay.o
    0x20000020   0x08003614   0x00000010   Data   RW          540    .data               usart.o
    0x20000030   0x08003624   0x00000010   Data   RW          640    .data               stm32f4xx_rcc.o
    0x20000040   0x08003634   0x00000004   Data   RW          766    .data               c_w.l(strtok.o)
    0x20000044        -       0x00000028   Zero   RW          539    .bss                usart.o
    0x2000006c        -       0x00000060   Zero   RW          834    .bss                c_w.l(libspace.o)
    0x200000cc   0x08003638   0x00000004   PAD
    0x200000d0        -       0x00000200   Zero   RW          568    HEAP                startup_stm32f40_41xxx.o
    0x200002d0        -       0x00000400   Zero   RW          567    STACK               startup_stm32f40_41xxx.o


==============================================================================

Image component sizes


      Code (inc. data)   RO Data    RW Data    ZI Data      Debug   Object Name

      1800         28          0          4          0       3846   car.o
       260          8          0          4          0       1525   delay.o
         0          0          0          0          0     229184   led.o
       756         72          0          4          0       6196   main.o
       224         20          0          0          0       1861   misc.o
       604         14          0          0          0       1940   myiic.o
       456         40          0          0          0       1685   pca9685.o
        64         26        392          0       1536        848   startup_stm32f40_41xxx.o
       660         44          0          0          0       4201   stm32f4xx_gpio.o
        26          0          0          0          0      29470   stm32f4xx_it.o
      1628         52          0         16          0      13100   stm32f4xx_rcc.o
      1108         34          0          0          0       7924   stm32f4xx_usart.o
       528         46          0         20          0       1843   system_stm32f4xx.o
       852         46          0         16         40       4746   usart.o

    ----------------------------------------------------------------------
      8968        430        424         64       1576     308369   Object Totals
         0          0         32          0          0          0   (incl. Generated)
         2          0          0          0          0          0   (incl. Padding)

    ----------------------------------------------------------------------

      Code (inc. data)   RO Data    RW Data    ZI Data      Debug   Library Member Name

         8          0          0          0          0         68   __main.o
         0          0          0          0          0          0   __rtentry.o
        12          0          0          0          0          0   __rtentry2.o
         6          0          0          0          0          0   __rtentry4.o
        52          8          0          0          0          0   __scatter.o
        26          0          0          0          0          0   __scatter_copy.o
        28          0          0          0          0          0   __scatter_zi.o
        28          0          0          0          0         68   _chval.o
       158          0          0          0          0         92   _strtoul.o
        26          0          0          0          0         80   atoi.o
        18          0          0          0          0         80   exit.o
         6          0          0          0          0        152   heapauxi.o
        44         10        272          0          0         76   lc_ctype_c.o
         2          0          0          0          0          0   libinit.o
        24          0          0          0          0          0   libinit2.o
         2          0          0          0          0          0   libshutdown.o
         2          0          0          0          0          0   libshutdown2.o
         8          4          0          0         96         68   libspace.o
        16          4          0          0          0         76   rt_ctype_table.o
         8          4          0          0          0         68   rt_errno_addr_intlibspace.o
         8          4          0          0          0         68   rt_locale_intlibspace.o
        68          0          0          0          0         68   rt_memclr.o
        78          0          0          0          0         80   rt_memclr_w.o
         2          0          0          0          0          0   rtexit.o
        10          0          0          0          0          0   rtexit2.o
       128          0          0          0          0         68   strcmpv7m.o
        32          0          0          0          0         80   strcspn.o
        28          0          0          0          0         80   strspn.o
        12          6          0          4          0         68   strtok.o
        68          4          0          0          0         84   strtok_int.o
       112          0          0          0          0         88   strtol.o
        74          0          0          0          0         80   sys_stackheap_outer.o
         2          0          0          0          0         68   use_no_semi.o
         2          0          0          0          0         68   use_no_semi_2.o
        98          4          0          0          0        140   d2f.o
       826         16          0          0          0        492   daddsub_clz.o
        24          0          0          0          0        116   dcmpi.o
       688        140          0          0          0        256   ddiv.o
        90          4          0          0          0        140   dfixu.o
        46          0          0          0          0        116   dflt_clz.o
       120          4          0          0          0        140   dleqf.o
       340         12          0          0          0        152   dmul.o
       156          4          0          0          0        140   dnaninf.o
        12          0          0          0          0        116   dretinf.o
       108          0          0          0          0        128   drleqf.o
        86          4          0          0          0        132   f2d.o
       140          4          0          0          0        132   fnaninf.o
        10          0          0          0          0        116   fpinit.o
        10          0          0          0          0        116   fretinf.o
         0          0          0          0          0          0   usenofp.o
       280         28          0          0          0        156   floor.o

    ----------------------------------------------------------------------
      4148        264        272          4        100       4316   Library Totals
        16          0          0          0          4          0   (incl. Padding)

    ----------------------------------------------------------------------

      Code (inc. data)   RO Data    RW Data    ZI Data      Debug   Library Name

      1098         44        272          4         96       1728   c_w.l
      2754        192          0          0          0       2432   fz_wm.l
       280         28          0          0          0        156   m_wm.l

    ----------------------------------------------------------------------
      4148        264        272          4        100       4316   Library Totals

    ----------------------------------------------------------------------

==============================================================================


      Code (inc. data)   RO Data    RW Data    ZI Data      Debug   

     13116        694        696         68       1676     308149   Grand Totals
     13116        694        696         68       1676     308149   ELF Image Totals
     13116        694        696         68          0          0   ROM Totals

==============================================================================

    Total RO  Size (Code + RO Data)                13812 (  13.49kB)
    Total RW  Size (RW Data + ZI Data)              1744 (   1.70kB)
    Total ROM Size (Code + RO Data + RW Data)      13880 (  13.55kB)

==============================================================================

